<html>
<body>
<pre>
<h1>µVision Build Log</h1>
<h2>Project:</h2>
E:\Project\car_V2_TEST\car_v2\user\car.uvproj
Project File Date:  04/07/2017

<h2>Output:</h2>
Build target 'car'
compiling core_cm3.c...
assembling startup_stm32f10x_hd.s...
compiling main.c...
compiling stm32f10x_it.c...
compiling system_stm32f10x.c...
compiling delay.c...
compiling sys.c...
compiling usart.c...
compiling misc.c...
compiling stm32f10x_adc.c...
compiling stm32f10x_bkp.c...
compiling stm32f10x_can.c...
compiling stm32f10x_cec.c...
compiling stm32f10x_crc.c...
compiling stm32f10x_dac.c...
compiling stm32f10x_dbgmcu.c...
compiling stm32f10x_dma.c...
compiling stm32f10x_exti.c...
compiling stm32f10x_flash.c...
compiling stm32f10x_fsmc.c...
compiling stm32f10x_gpio.c...
compiling stm32f10x_i2c.c...
compiling stm32f10x_iwdg.c...
compiling stm32f10x_pwr.c...
compiling stm32f10x_rcc.c...
compiling stm32f10x_rtc.c...
compiling stm32f10x_sdio.c...
compiling stm32f10x_spi.c...
compiling stm32f10x_tim.c...
compiling stm32f10x_usart.c...
compiling stm32f10x_wwdg.c...
compiling key.c...
compiling led.c...
compiling pwm.c...
compiling direction.c...
compiling speed.c...
compiling pid.c...
compiling 24l01.c...
compiling spi.c...
compiling ILI93xx.c...
linking...
Program Size: Code=15556 RO-data=348 RW-data=108 ZI-data=1836  
FromELF: creating hex file...
".\car.axf" - 0 Error(s), 0 Warning(s).
