Product: MDK-ARM Professional 5.10
Component: ARM Compiler 5.04 update 1 (build 49)
Tool: armlink [5040049]

==============================================================================

Section Cross References

    startup_stm32f10x_hd.o(STACK) refers (Special) to heapauxi.o(.text) for __use_two_region_memory
    startup_stm32f10x_hd.o(HEAP) refers (Special) to heapauxi.o(.text) for __use_two_region_memory
    startup_stm32f10x_hd.o(RESET) refers (Special) to heapauxi.o(.text) for __use_two_region_memory
    startup_stm32f10x_hd.o(RESET) refers to startup_stm32f10x_hd.o(STACK) for __initial_sp
    startup_stm32f10x_hd.o(RESET) refers to startup_stm32f10x_hd.o(.text) for Reset_Handler
    startup_stm32f10x_hd.o(RESET) refers to stm32f10x_it.o(.text) for NMI_Handler
    startup_stm32f10x_hd.o(RESET) refers to speed.o(.text) for TIM2_IRQHandler
    startup_stm32f10x_hd.o(RESET) refers to pid.o(.text) for TIM3_IRQHandler
    startup_stm32f10x_hd.o(RESET) refers to usart.o(.text) for USART1_IRQHandler
    startup_stm32f10x_hd.o(.text) refers (Special) to heapauxi.o(.text) for __use_two_region_memory
    startup_stm32f10x_hd.o(.text) refers to system_stm32f10x.o(.text) for SystemInit
    startup_stm32f10x_hd.o(.text) refers to __main.o(!!!main) for __main
    startup_stm32f10x_hd.o(.text) refers to startup_stm32f10x_hd.o(HEAP) for Heap_Mem
    startup_stm32f10x_hd.o(.text) refers to startup_stm32f10x_hd.o(STACK) for Stack_Mem
    main.o(.text) refers to delay.o(.text) for delay_init
    main.o(.text) refers to sys.o(.text) for NVIC_Configuration
    main.o(.text) refers to usart.o(.text) for uart_init
    main.o(.text) refers to pwm.o(.text) for pwm_init
    main.o(.text) refers to direction.o(.text) for direction_init
    main.o(.text) refers to key.o(.text) for key_init
    main.o(.text) refers to led.o(.text) for led_init
    main.o(.text) refers to 24l01.o(.text) for NRF24L01_Init
    main.o(.text) refers to stm32f10x_tim.o(.text) for TIM_SetCompare2
    main.o(.text) refers to pwm.o(.data) for pwm_r
    system_stm32f10x.o(.text) refers to system_stm32f10x.o(.data) for SystemCoreClock
    delay.o(.text) refers to misc.o(.text) for SysTick_CLKSourceConfig
    delay.o(.text) refers to system_stm32f10x.o(.data) for SystemCoreClock
    delay.o(.text) refers to delay.o(.data) for fac_us
    sys.o(.text) refers to misc.o(.text) for NVIC_PriorityGroupConfig
    usart.o(.text) refers (Special) to use_no_semi_2.o(.text) for __use_no_semihosting
    usart.o(.text) refers to stm32f10x_rcc.o(.text) for RCC_APB2PeriphClockCmd
    usart.o(.text) refers to stm32f10x_usart.o(.text) for USART_DeInit
    usart.o(.text) refers to stm32f10x_gpio.o(.text) for GPIO_Init
    usart.o(.text) refers to misc.o(.text) for NVIC_Init
    usart.o(.text) refers to noretval__2printf.o(.text) for __2printf
    usart.o(.text) refers to strlen.o(.text) for strlen
    usart.o(.text) refers to fflt_clz.o(x$fpl$ffltu) for __aeabi_ui2f
    usart.o(.text) refers to fdiv.o(x$fpl$fdiv) for __aeabi_fdiv
    usart.o(.text) refers to usart.o(.data) for USART_RX_STA
    usart.o(.text) refers to usart.o(.bss) for USART_RX_BUF
    usart.o(.bss) refers (Special) to use_no_semi_2.o(.text) for __use_no_semihosting
    usart.o(.data) refers (Special) to use_no_semi_2.o(.text) for __use_no_semihosting
    stm32f10x_adc.o(.text) refers to stm32f10x_rcc.o(.text) for RCC_APB2PeriphResetCmd
    stm32f10x_bkp.o(.text) refers to stm32f10x_rcc.o(.text) for RCC_BackupResetCmd
    stm32f10x_can.o(.text) refers to stm32f10x_rcc.o(.text) for RCC_APB1PeriphResetCmd
    stm32f10x_cec.o(.text) refers to stm32f10x_rcc.o(.text) for RCC_APB1PeriphResetCmd
    stm32f10x_dac.o(.text) refers to stm32f10x_rcc.o(.text) for RCC_APB1PeriphResetCmd
    stm32f10x_gpio.o(.text) refers to stm32f10x_rcc.o(.text) for RCC_APB2PeriphResetCmd
    stm32f10x_i2c.o(.text) refers to stm32f10x_rcc.o(.text) for RCC_APB1PeriphResetCmd
    stm32f10x_pwr.o(.text) refers to stm32f10x_rcc.o(.text) for RCC_APB1PeriphResetCmd
    stm32f10x_rcc.o(.text) refers to stm32f10x_rcc.o(.data) for APBAHBPrescTable
    stm32f10x_spi.o(.text) refers to stm32f10x_rcc.o(.text) for RCC_APB2PeriphResetCmd
    stm32f10x_tim.o(.text) refers to stm32f10x_rcc.o(.text) for RCC_APB2PeriphResetCmd
    stm32f10x_usart.o(.text) refers to stm32f10x_rcc.o(.text) for RCC_APB2PeriphResetCmd
    stm32f10x_wwdg.o(.text) refers to stm32f10x_rcc.o(.text) for RCC_APB1PeriphResetCmd
    key.o(.text) refers to stm32f10x_rcc.o(.text) for RCC_APB2PeriphClockCmd
    key.o(.text) refers to stm32f10x_gpio.o(.text) for GPIO_Init
    led.o(.text) refers to stm32f10x_rcc.o(.text) for RCC_APB2PeriphClockCmd
    led.o(.text) refers to stm32f10x_gpio.o(.text) for GPIO_Init
    pwm.o(.text) refers to stm32f10x_rcc.o(.text) for RCC_APB2PeriphClockCmd
    pwm.o(.text) refers to stm32f10x_gpio.o(.text) for GPIO_Init
    pwm.o(.text) refers to stm32f10x_tim.o(.text) for TIM_TimeBaseInit
    pwm.o(.text) refers to pwm.o(.data) for pwm_l
[...]
    rtexit.o(.ARM.exidx) refers (Special) to rtexit2.o(.ARM.Collect$$rtexit$$00000004) for __rt_exit_exit
    rtexit.o(.ARM.exidx) refers (Special) to rtexit2.o(.ARM.Collect$$rtexit$$00000003) for __rt_exit_ls
    rtexit.o(.ARM.exidx) refers (Special) to rtexit2.o(.ARM.Collect$$rtexit$$00000002) for __rt_exit_prels_1
    rtexit.o(.ARM.exidx) refers to rtexit.o(.ARM.Collect$$rtexit$$00000000) for .ARM.Collect$$rtexit$$00000000
    libinit2.o(.ARM.Collect$$libinit$$0000000E) refers to libinit2.o(.ARM.Collect$$libinit$$0000000D) for .ARM.Collect$$libinit$$0000000D
    libinit2.o(.ARM.Collect$$libinit$$00000010) refers to libinit2.o(.ARM.Collect$$libinit$$0000000D) for .ARM.Collect$$libinit$$0000000D
    libinit2.o(.ARM.Collect$$libinit$$00000012) refers to libinit2.o(.ARM.Collect$$libinit$$0000000D) for .ARM.Collect$$libinit$$0000000D
    libinit2.o(.ARM.Collect$$libinit$$00000014) refers to libinit2.o(.ARM.Collect$$libinit$$0000000D) for .ARM.Collect$$libinit$$0000000D
    libinit2.o(.ARM.Collect$$libinit$$00000016) refers to libinit2.o(.ARM.Collect$$libinit$$0000000D) for .ARM.Collect$$libinit$$0000000D
    libinit2.o(.ARM.Collect$$libinit$$00000024) refers to argv_veneer.o(.emb_text) for __ARM_argv_veneer
    libinit2.o(.ARM.Collect$$libinit$$00000025) refers to argv_veneer.o(.emb_text) for __ARM_argv_veneer
    rtexit2.o(.ARM.Collect$$rtexit$$00000003) refers to libshutdown.o(.ARM.Collect$$libshutdown$$00000000) for __rt_lib_shutdown
    rtexit2.o(.ARM.Collect$$rtexit$$00000004) refers to usart.o(.text) for _sys_exit
    rtexit2.o(.ARM.exidx) refers to rtexit2.o(.ARM.Collect$$rtexit$$00000001) for .ARM.Collect$$rtexit$$00000001
    rtexit2.o(.ARM.exidx) refers to rtexit2.o(.ARM.Collect$$rtexit$$00000003) for .ARM.Collect$$rtexit$$00000003
    rtexit2.o(.ARM.exidx) refers to rtexit2.o(.ARM.Collect$$rtexit$$00000004) for .ARM.Collect$$rtexit$$00000004
    argv_veneer.o(.emb_text) refers to no_argv.o(.text) for __ARM_get_argv
    _get_argv_nomalloc.o(.text) refers (Special) to hrguard.o(.text) for __heap_region$guard
    _get_argv_nomalloc.o(.text) refers to defsig_rtmem_outer.o(.text) for __rt_SIGRTMEM
    _get_argv_nomalloc.o(.text) refers to sys_command.o(.text) for _sys_command_string
    libshutdown.o(.ARM.Collect$$libshutdown$$00000000) refers (Special) to libshutdown2.o(.ARM.Collect$$libshutdown$$00000006) for __rt_lib_shutdown_fp_trap_1
    libshutdown.o(.ARM.Collect$$libshutdown$$00000000) refers (Special) to libshutdown2.o(.ARM.Collect$$libshutdown$$0000000E) for __rt_lib_shutdown_heap_1
    libshutdown.o(.ARM.Collect$$libshutdown$$00000000) refers (Special) to libshutdown2.o(.ARM.Collect$$libshutdown$$0000000F) for __rt_lib_shutdown_return
    libshutdown.o(.ARM.Collect$$libshutdown$$00000000) refers (Special) to libshutdown2.o(.ARM.Collect$$libshutdown$$00000009) for __rt_lib_shutdown_signal_1
    libshutdown.o(.ARM.Collect$$libshutdown$$00000000) refers (Special) to libshutdown2.o(.ARM.Collect$$libshutdown$$00000003) for __rt_lib_shutdown_stdio_1
    libshutdown.o(.ARM.Collect$$libshutdown$$00000000) refers (Special) to libshutdown2.o(.ARM.Collect$$libshutdown$$0000000B) for __rt_lib_shutdown_user_alloc_1
    sys_command.o(.text) refers (Special) to use_no_semi.o(.text) for __I$use$semihosting
    sys_command.o(.text) refers (Special) to indicate_semi.o(.text) for __semihosting_library_function
    defsig_rtmem_outer.o(.text) refers to defsig_rtmem_inner.o(.text) for __rt_SIGRTMEM_inner
    defsig_rtmem_outer.o(.text) refers to defsig_exit.o(.text) for __sig_exit
    defsig_rtmem_formal.o(.text) refers to rt_raise.o(.text) for __rt_raise
    rt_raise.o(.text) refers to __raise.o(.text) for __raise
    rt_raise.o(.text) refers to usart.o(.text) for _sys_exit
    defsig_exit.o(.text) refers to usart.o(.text) for _sys_exit
    defsig_rtmem_inner.o(.text) refers to defsig_general.o(.text) for __default_signal_display
    __raise.o(.text) refers to defsig.o(CL$$defsig) for __default_signal_handler
    defsig_general.o(.text) refers to sys_wrch.o(.text) for _ttywrch
    sys_wrch.o(.text) refers (Special) to use_no_semi.o(.text) for __I$use$semihosting
    sys_wrch.o(.text) refers (Special) to indicate_semi.o(.text) for __semihosting_library_function
    defsig.o(CL$$defsig) refers to defsig_rtmem_inner.o(.text) for __rt_SIGRTMEM_inner
    defsig_abrt_inner.o(.text) refers to defsig_general.o(.text) for __default_signal_display
    defsig_fpe_inner.o(.text) refers to defsig_general.o(.text) for __default_signal_display
    defsig_rtred_inner.o(.text) refers to defsig_general.o(.text) for __default_signal_display
    defsig_stak_inner.o(.text) refers to defsig_general.o(.text) for __default_signal_display
    defsig_pvfn_inner.o(.text) refers to defsig_general.o(.text) for __default_signal_display
    defsig_cppl_inner.o(.text) refers to defsig_general.o(.text) for __default_signal_display
    defsig_segv_inner.o(.text) refers to defsig_general.o(.text) for __default_signal_display
    defsig_other.o(.text) refers to defsig_general.o(.text) for __default_signal_display


==============================================================================

Removing Unused input sections from the image.

    Removing core_cm3.o(.emb_text), (32 bytes).
    Removing stm32f10x_adc.o(.text), (1102 bytes).
    Removing stm32f10x_bkp.o(.text), (196 bytes).
    Removing stm32f10x_can.o(.text), (2544 bytes).
    Removing stm32f10x_cec.o(.text), (288 bytes).
    Removing stm32f10x_crc.o(.text), (72 bytes).
    Removing stm32f10x_dac.o(.text), (396 bytes).
    Removing stm32f10x_dbgmcu.o(.text), (48 bytes).
    Removing stm32f10x_dma.o(.text), (596 bytes).
    Removing stm32f10x_exti.o(.text), (284 bytes).
    Removing stm32f10x_flash.o(.text), (1468 bytes).
    Removing stm32f10x_fsmc.o(.text), (1548 bytes).
    Removing stm32f10x_i2c.o(.text), (1028 bytes).
    Removing stm32f10x_iwdg.o(.text), (64 bytes).
    Removing stm32f10x_pwr.o(.text), (204 bytes).
    Removing stm32f10x_rtc.o(.text), (328 bytes).
    Removing stm32f10x_sdio.o(.text), (468 bytes).
    Removing stm32f10x_spi.o(.text), (780 bytes).
    Removing stm32f10x_wwdg.o(.text), (136 bytes).
    Removing ili93xx.o(.text), (20912 bytes).
    Removing ili93xx.o(.bss), (14 bytes).
    Removing ili93xx.o(.constdata), (6080 bytes).
    Removing ili93xx.o(.data), (4 bytes).

23 unused section(s) (total 38592 bytes) removed from the image.

==============================================================================

Image Symbol Table

    Local Symbols

    Symbol Name                              Value     Ov Type        Size  Object(Section)

    ../clib/angel/boardlib.s                 0x00000000   Number         0  boardshut.o ABSOLUTE
    ../clib/angel/boardlib.s                 0x00000000   Number         0  boardinit1.o ABSOLUTE
    ../clib/angel/boardlib.s                 0x00000000   Number         0  boardinit2.o ABSOLUTE
    ../clib/angel/boardlib.s                 0x00000000   Number         0  boardinit3.o ABSOLUTE
    ../clib/angel/handlers.s                 0x00000000   Number         0  __scatter_zi.o ABSOLUTE
    ../clib/angel/handlers.s                 0x00000000   Number         0  __scatter_copy.o ABSOLUTE
    ../clib/angel/kernel.s                   0x00000000   Number         0  rtexit.o ABSOLUTE
    ../clib/angel/kernel.s                   0x00000000   Number         0  rtexit2.o ABSOLUTE
    ../clib/angel/kernel.s                   0x00000000   Number         0  rtentry.o ABSOLUTE
    ../clib/angel/kernel.s                   0x00000000   Number         0  rtentry4.o ABSOLUTE
    ../clib/angel/kernel.s                   0x00000000   Number         0  rtentry2.o ABSOLUTE
    ../clib/angel/rt.s                       0x00000000   Number         0  rt_raise.o ABSOLUTE
    ../clib/angel/scatter.s                  0x00000000   Number         0  __scatter.o ABSOLUTE
    ../clib/angel/startup.s                  0x00000000   Number         0  __main.o ABSOLUTE
    ../clib/angel/sys.s                      0x00000000   Number         0  sys_stackheap_outer.o ABSOLUTE
    ../clib/angel/sys.s                      0x00000000   Number         0  libspace.o ABSOLUTE
    ../clib/angel/sys.s                      0x00000000   Number         0  use_no_semi.o ABSOLUTE
    ../clib/angel/sys.s                      0x00000000   Number         0  indicate_semi.o ABSOLUTE
    ../clib/angel/sys.s                      0x00000000   Number         0  use_no_semi_2.o ABSOLUTE
    ../clib/angel/sysapp.c                   0x00000000   Number         0  sys_command.o ABSOLUTE
    ../clib/angel/sysapp.c                   0x00000000   Number         0  sys_wrch.o ABSOLUTE
    ../clib/armsys.c                         0x00000000   Number         0  no_argv.o ABSOLUTE
    ../clib/armsys.c                         0x00000000   Number         0  _get_argv_nomalloc.o ABSOLUTE
    ../clib/armsys.c                         0x00000000   Number         0  argv_veneer.o ABSOLUTE
    ../clib/armsys.c                         0x00000000   Number         0  argv_veneer.o ABSOLUTE
    ../clib/heapalloc.c                      0x00000000   Number         0  hrguard.o ABSOLUTE
    ../clib/heapaux.c                        0x00000000   Number         0  heapauxi.o ABSOLUTE
    ../clib/libinit.s                        0x00000000   Number         0  libinit2.o ABSOLUTE
    ../clib/libinit.s                        0x00000000   Number         0  libinit.o ABSOLUTE
    ../clib/libinit.s                        0x00000000   Number         0  libshutdown.o ABSOLUTE
    ../clib/libinit.s                        0x00000000   Number         0  libshutdown2.o ABSOLUTE
    ../clib/printf.c                         0x00000000   Number         0  __printf_ss_wp.o ABSOLUTE
    ../clib/printf.c                         0x00000000   Number         0  __printf_flags_ss_wp.o ABSOLUTE
    ../clib/printf.c                         0x00000000   Number         0  noretval__2printf.o ABSOLUTE
    ../clib/printf.c                         0x00000000   Number         0  _printf_intcommon.o ABSOLUTE
    ../clib/printf.c                         0x00000000   Number         0  _printf_char_file.o ABSOLUTE
    ../clib/printf.c                         0x00000000   Number         0  _printf_char_common.o ABSOLUTE
    ../clib/printf.c                         0x00000000   Number         0  __printf_nopercent.o ABSOLUTE
    ../clib/printf.c                         0x00000000   Number         0  __printf_wp.o ABSOLUTE
    ../clib/printf.c                         0x00000000   Number         0  __printf_flags_wp.o ABSOLUTE
    ../clib/printf.c                         0x00000000   Number         0  __2printf.o ABSOLUTE
    ../clib/printf.c                         0x00000000   Number         0  __printf.o ABSOLUTE
    ../clib/printf.c                         0x00000000   Number         0  _printf_hex_ll.o ABSOLUTE
    ../clib/printf.c                         0x00000000   Number         0  _printf_hex_int.o ABSOLUTE
    ../clib/printf.c                         0x00000000   Number         0  _printf_hex_int_ll.o ABSOLUTE
    ../clib/printf.c                         0x00000000   Number         0  _printf_hex_ptr.o ABSOLUTE
    ../clib/printf.c                         0x00000000   Number         0  _printf_hex_int_ptr.o ABSOLUTE
    ../clib/printf.c                         0x00000000   Number         0  _printf_hex_ll_ptr.o ABSOLUTE
    ../clib/printf.c                         0x00000000   Number         0  _printf_hex_int_ll_ptr.o ABSOLUTE
    ../clib/printf.c                         0x00000000   Number         0  __printf_flags.o ABSOLUTE
    ../clib/printf.c                         0x00000000   Number         0  __printf_ss.o ABSOLUTE
    ../clib/printf.c                         0x00000000   Number         0  __printf_flags_ss.o ABSOLUTE
    ../clib/printf_percent.s                 0x00000000   Number         0  _printf_percent_end.o ABSOLUTE
    ../clib/printf_percent.s                 0x00000000   Number         0  _printf_percent.o ABSOLUTE
    ../clib/printf_percent.s                 0x00000000   Number         0  _printf_x.o ABSOLUTE
    ../clib/signal.c                         0x00000000   Number         0  defsig_cppl_inner.o ABSOLUTE
    ../clib/signal.c                         0x00000000   Number         0  defsig_pvfn_inner.o ABSOLUTE
    ../clib/signal.c                         0x00000000   Number         0  defsig_stak_inner.o ABSOLUTE
    ../clib/signal.c                         0x00000000   Number         0  defsig_rtred_inner.o ABSOLUTE
    ../clib/signal.c                         0x00000000   Number         0  defsig_fpe_inner.o ABSOLUTE
    ../clib/signal.c                         0x00000000   Number         0  defsig_abrt_inner.o ABSOLUTE
    ../clib/signal.c                         0x00000000   Number         0  defsig_general.o ABSOLUTE
    ../clib/signal.c                         0x00000000   Number         0  __raise.o ABSOLUTE
    ../clib/signal.c                         0x00000000   Number         0  defsig_rtmem_inner.o ABSOLUTE
    ../clib/signal.c                         0x00000000   Number         0  defsig_exit.o ABSOLUTE
    ../clib/signal.c                         0x00000000   Number         0  defsig_rtmem_formal.o ABSOLUTE
    ../clib/signal.c                         0x00000000   Number         0  defsig_rtmem_outer.o ABSOLUTE
    ../clib/signal.c                         0x00000000   Number         0  defsig_other.o ABSOLUTE
    ../clib/signal.c                         0x00000000   Number         0  defsig_segv_inner.o ABSOLUTE
    ../clib/signal.s                         0x00000000   Number         0  defsig.o ABSOLUTE
    ../clib/stdio.c                          0x00000000   Number         0  ferror_locked.o ABSOLUTE
    ../clib/stdio.c                          0x00000000   Number         0  ferror.o ABSOLUTE
    ../clib/stdlib.c                         0x00000000   Number         0  exit.o ABSOLUTE
    ../clib/string.c                         0x00000000   Number         0  strlen.o ABSOLUTE
    ../fplib/daddsub.s                       0x00000000   Number         0  daddsub_clz.o ABSOLUTE
    ../fplib/ddiv.s                          0x00000000   Number         0  ddiv.o ABSOLUTE
    ../fplib/dfix.s                          0x00000000   Number         0  dfix.o ABSOLUTE
    ../fplib/dfixu.s                         0x00000000   Number         0  dfixu.o ABSOLUTE
    ../fplib/dflt.s                          0x00000000   Number         0  dflt_clz.o ABSOLUTE
    ../fplib/dmul.s                          0x00000000   Number         0  dmul.o ABSOLUTE
    ../fplib/dnaninf.s                       0x00000000   Number         0  dnaninf.o ABSOLUTE
    ../fplib/dretinf.s                       0x00000000   Number         0  dretinf.o ABSOLUTE
    ../fplib/f2d.s                           0x00000000   Number         0  f2d.o ABSOLUTE
    ../fplib/fdiv.s                          0x00000000   Number         0  fdiv.o ABSOLUTE
    ../fplib/fflt.s                          0x00000000   Number         0  fflt_clz.o ABSOLUTE
    ../fplib/fnaninf.s                       0x00000000   Number         0  fnaninf.o ABSOLUTE
    ../fplib/fpinit.s                        0x00000000   Number         0  fpinit.o ABSOLUTE
    ../fplib/fretinf.s                       0x00000000   Number         0  fretinf.o ABSOLUTE
    ../fplib/usenofp.s                       0x00000000   Number         0  usenofp.o ABSOLUTE
    ..\SYSTEM\delay\delay.c                  0x00000000   Number         0  delay.o ABSOLUTE
    ..\SYSTEM\sys\sys.c                      0x00000000   Number         0  sys.o ABSOLUTE
    ..\SYSTEM\usart\usart.c                  0x00000000   Number         0  usart.o ABSOLUTE
    ..\\core\\core_cm3.c                     0x00000000   Number         0  core_cm3.o ABSOLUTE
    ..\core\core_cm3.c                       0x00000000   Number         0  core_cm3.o ABSOLUTE
    ..\core\startup_stm32f10x_hd.s           0x00000000   Number         0  startup_stm32f10x_hd.o ABSOLUTE
    ..\hardware\LCD\ILI93xx.c                0x00000000   Number         0  ili93xx.o ABSOLUTE
    ..\hardware\NRF24L01\24l01.c             0x00000000   Number         0  24l01.o ABSOLUTE
    ..\hardware\SPI\spi.c                    0x00000000   Number         0  spi.o ABSOLUTE
    ..\hardware\direction\direction.c        0x00000000   Number         0  direction.o ABSOLUTE
    ..\hardware\key\key.c                    0x00000000   Number         0  key.o ABSOLUTE
    ..\hardware\led\led.c                    0x00000000   Number         0  led.o ABSOLUTE
    ..\hardware\pid\pid.c                    0x00000000   Number         0  pid.o ABSOLUTE
    ..\hardware\pwm\pwm.c                    0x00000000   Number         0  pwm.o ABSOLUTE
    ..\hardware\speed\speed.c                0x00000000   Number         0  speed.o ABSOLUTE
    ..\stm32f10x_fwlib\src\misc.c            0x00000000   Number         0  misc.o ABSOLUTE
    ..\stm32f10x_fwlib\src\stm32f10x_adc.c   0x00000000   Number         0  stm32f10x_adc.o ABSOLUTE
    ..\stm32f10x_fwlib\src\stm32f10x_bkp.c   0x00000000   Number         0  stm32f10x_bkp.o ABSOLUTE
    ..\stm32f10x_fwlib\src\stm32f10x_can.c   0x00000000   Number         0  stm32f10x_can.o ABSOLUTE
    ..\stm32f10x_fwlib\src\stm32f10x_cec.c   0x00000000   Number         0  stm32f10x_cec.o ABSOLUTE
    ..\stm32f10x_fwlib\src\stm32f10x_crc.c   0x00000000   Number         0  stm32f10x_crc.o ABSOLUTE
    ..\stm32f10x_fwlib\src\stm32f10x_dac.c   0x00000000   Number         0  stm32f10x_dac.o ABSOLUTE
    ..\stm32f10x_fwlib\src\stm32f10x_dbgmcu.c 0x00000000   Number         0  stm32f10x_dbgmcu.o ABSOLUTE
    ..\stm32f10x_fwlib\src\stm32f10x_dma.c   0x00000000   Number         0  stm32f10x_dma.o ABSOLUTE
    ..\stm32f10x_fwlib\src\stm32f10x_exti.c  0x00000000   Number         0  stm32f10x_exti.o ABSOLUTE
    ..\stm32f10x_fwlib\src\stm32f10x_flash.c 0x00000000   Number         0  stm32f10x_flash.o ABSOLUTE
    ..\stm32f10x_fwlib\src\stm32f10x_fsmc.c  0x00000000   Number         0  stm32f10x_fsmc.o ABSOLUTE
    ..\stm32f10x_fwlib\src\stm32f10x_gpio.c  0x00000000   Number         0  stm32f10x_gpio.o ABSOLUTE
    ..\stm32f10x_fwlib\src\stm32f10x_i2c.c   0x00000000   Number         0  stm32f10x_i2c.o ABSOLUTE
    ..\stm32f10x_fwlib\src\stm32f10x_iwdg.c  0x00000000   Number         0  stm32f10x_iwdg.o ABSOLUTE
    ..\stm32f10x_fwlib\src\stm32f10x_pwr.c   0x00000000   Number         0  stm32f10x_pwr.o ABSOLUTE
    ..\stm32f10x_fwlib\src\stm32f10x_rcc.c   0x00000000   Number         0  stm32f10x_rcc.o ABSOLUTE
    ..\stm32f10x_fwlib\src\stm32f10x_rtc.c   0x00000000   Number         0  stm32f10x_rtc.o ABSOLUTE
    ..\stm32f10x_fwlib\src\stm32f10x_sdio.c  0x00000000   Number         0  stm32f10x_sdio.o ABSOLUTE
    ..\stm32f10x_fwlib\src\stm32f10x_spi.c   0x00000000   Number         0  stm32f10x_spi.o ABSOLUTE
    ..\stm32f10x_fwlib\src\stm32f10x_tim.c   0x00000000   Number         0  stm32f10x_tim.o ABSOLUTE
    ..\stm32f10x_fwlib\src\stm32f10x_usart.c 0x00000000   Number         0  stm32f10x_usart.o ABSOLUTE
    ..\stm32f10x_fwlib\src\stm32f10x_wwdg.c  0x00000000   Number         0  stm32f10x_wwdg.o ABSOLUTE
    dc.s                                     0x00000000   Number         0  dc.o ABSOLUTE
    main.c                                   0x00000000   Number         0  main.o ABSOLUTE
    stm32f10x_it.c                           0x00000000   Number         0  stm32f10x_it.o ABSOLUTE
    system_stm32f10x.c                       0x00000000   Number         0  system_stm32f10x.o ABSOLUTE
    RESET                                    0x08000000   Section      304  startup_stm32f10x_hd.o(RESET)
    !!!main                                  0x08000130   Section        8  __main.o(!!!main)
    !!!scatter                               0x08000138   Section       52  __scatter.o(!!!scatter)
    !!handler_copy                           0x0800016c   Section       26  __scatter_copy.o(!!handler_copy)
    !!handler_zi                             0x08000188   Section       28  __scatter_zi.o(!!handler_zi)
    .ARM.Collect$$_printf_percent$$00000000  0x080001a4   Section        0  _printf_percent.o(.ARM.Collect$$_printf_percent$$00000000)
    .ARM.Collect$$_printf_percent$$00000017  0x080001a4   Section        4  _printf_percent_end.o(.ARM.Collect$$_printf_percent$$00000017)
    .ARM.Collect$$libinit$$00000000          0x080001a8   Section        2  libinit.o(.ARM.Collect$$libinit$$00000000)
    .ARM.Collect$$libinit$$00000002          0x080001aa   Section        0  libinit2.o(.ARM.Collect$$libinit$$00000002)
    .ARM.Collect$$libinit$$00000008          0x080001aa   Section        0  libinit2.o(.ARM.Collect$$libinit$$00000008)
    .ARM.Collect$$libinit$$0000000A          0x080001aa   Section        0  libinit2.o(.ARM.Collect$$libinit$$0000000A)
    .ARM.Collect$$libinit$$0000000C          0x080001aa   Section        0  libinit2.o(.ARM.Collect$$libinit$$0000000C)
    .ARM.Collect$$libinit$$0000000F          0x080001aa   Section        0  libinit2.o(.ARM.Collect$$libinit$$0000000F)
    .ARM.Collect$$libinit$$00000011          0x080001aa   Section        0  libinit2.o(.ARM.Collect$$libinit$$00000011)
    .ARM.Collect$$libinit$$00000013          0x080001aa   Section        0  libinit2.o(.ARM.Collect$$libinit$$00000013)
    .ARM.Collect$$libinit$$00000015          0x080001aa   Section        0  libinit2.o(.ARM.Collect$$libinit$$00000015)
    .ARM.Collect$$libinit$$00000017          0x080001aa   Section        0  libinit2.o(.ARM.Collect$$libinit$$00000017)
    .ARM.Collect$$libinit$$00000019          0x080001aa   Section        0  libinit2.o(.ARM.Collect$$libinit$$00000019)
    .ARM.Collect$$libinit$$0000001B          0x080001aa   Section        0  libinit2.o(.ARM.Collect$$libinit$$0000001B)
    .ARM.Collect$$libinit$$0000001D          0x080001aa   Section        0  libinit2.o(.ARM.Collect$$libinit$$0000001D)
    .ARM.Collect$$libinit$$0000001F          0x080001aa   Section        0  libinit2.o(.ARM.Collect$$libinit$$0000001F)
    .ARM.Collect$$libinit$$00000021          0x080001aa   Section        0  libinit2.o(.ARM.Collect$$libinit$$00000021)
    .ARM.Collect$$libinit$$00000023          0x080001aa   Section        0  libinit2.o(.ARM.Collect$$libinit$$00000023)
    .ARM.Collect$$libinit$$0000002A          0x080001aa   Section        0  libinit2.o(.ARM.Collect$$libinit$$0000002A)
    .ARM.Collect$$libinit$$0000002C          0x080001aa   Section        0  libinit2.o(.ARM.Collect$$libinit$$0000002C)
    .ARM.Collect$$libinit$$0000002E          0x080001aa   Section        0  libinit2.o(.ARM.Collect$$libinit$$0000002E)
    .ARM.Collect$$libinit$$00000030          0x080001aa   Section        0  libinit2.o(.ARM.Collect$$libinit$$00000030)
    .ARM.Collect$$libinit$$00000031          0x080001aa   Section        2  libinit2.o(.ARM.Collect$$libinit$$00000031)
    .ARM.Collect$$libshutdown$$00000000      0x080001ac   Section        2  libshutdown.o(.ARM.Collect$$libshutdown$$00000000)
    .ARM.Collect$$libshutdown$$00000003      0x080001ae   Section        0  libshutdown2.o(.ARM.Collect$$libshutdown$$00000003)
    .ARM.Collect$$libshutdown$$00000006      0x080001ae   Section        0  libshutdown2.o(.ARM.Collect$$libshutdown$$00000006)
    .ARM.Collect$$libshutdown$$00000009      0x080001ae   Section        0  libshutdown2.o(.ARM.Collect$$libshutdown$$00000009)
    .ARM.Collect$$libshutdown$$0000000B      0x080001ae   Section        0  libshutdown2.o(.ARM.Collect$$libshutdown$$0000000B)
    .ARM.Collect$$libshutdown$$0000000E      0x080001ae   Section        0  libshutdown2.o(.ARM.Collect$$libshutdown$$0000000E)
    .ARM.Collect$$libshutdown$$0000000F      0x080001ae   Section        2  libshutdown2.o(.ARM.Collect$$libshutdown$$0000000F)
    .ARM.Collect$$rtentry$$00000000          0x080001b0   Section        0  rtentry.o(.ARM.Collect$$rtentry$$00000000)
    .ARM.Collect$$rtentry$$00000002          0x080001b0   Section        0  rtentry2.o(.ARM.Collect$$rtentry$$00000002)
    .ARM.Collect$$rtentry$$00000004          0x080001b0   Section        6  rtentry4.o(.ARM.Collect$$rtentry$$00000004)
    .ARM.Collect$$rtentry$$00000009          0x080001b6   Section        0  rtentry2.o(.ARM.Collect$$rtentry$$00000009)
    .ARM.Collect$$rtentry$$0000000A          0x080001b6   Section        4  rtentry2.o(.ARM.Collect$$rtentry$$0000000A)
    .ARM.Collect$$rtentry$$0000000C          0x080001ba   Section        0  rtentry2.o(.ARM.Collect$$rtentry$$0000000C)
    .ARM.Collect$$rtentry$$0000000D          0x080001ba   Section        8  rtentry2.o(.ARM.Collect$$rtentry$$0000000D)
    .ARM.Collect$$rtexit$$00000000           0x080001c2   Section        2  rtexit.o(.ARM.Collect$$rtexit$$00000000)
    .ARM.Collect$$rtexit$$00000002           0x080001c4   Section        0  rtexit2.o(.ARM.Collect$$rtexit$$00000002)
    .ARM.Collect$$rtexit$$00000003           0x080001c4   Section        4  rtexit2.o(.ARM.Collect$$rtexit$$00000003)
    .ARM.Collect$$rtexit$$00000004           0x080001c8   Section        6  rtexit2.o(.ARM.Collect$$rtexit$$00000004)
    .text                                    0x080001d0   Section       64  startup_stm32f10x_hd.o(.text)
    .text                                    0x08000210   Section        0  main.o(.text)
    .text                                    0x080004bc   Section        0  stm32f10x_it.o(.text)
    .text                                    0x080004d8   Section        0  system_stm32f10x.o(.text)
    SetSysClockTo72                          0x080004d9   Thumb Code   214  system_stm32f10x.o(.text)
    SetSysClock                              0x080005af   Thumb Code     8  system_stm32f10x.o(.text)
    .text                                    0x080006b8   Section        0  delay.o(.text)
    .text                                    0x0800078c   Section        0  sys.o(.text)
    .text                                    0x080007c8   Section        0  usart.o(.text)
    .text                                    0x08000aa0   Section        0  misc.o(.text)
    .text                                    0x08000b7c   Section        0  stm32f10x_gpio.o(.text)
    .text                                    0x08000ed8   Section        0  stm32f10x_rcc.o(.text)
    .text                                    0x0800127c   Section        0  stm32f10x_tim.o(.text)
    TI4_Config                               0x08001723   Thumb Code   130  stm32f10x_tim.o(.text)
    TI3_Config                               0x080017b7   Thumb Code   122  stm32f10x_tim.o(.text)
    TI2_Config                               0x0800184b   Thumb Code   130  stm32f10x_tim.o(.text)
    TI1_Config                               0x080018df   Thumb Code   108  stm32f10x_tim.o(.text)
    .text                                    0x08002098   Section        0  stm32f10x_usart.o(.text)
    .text                                    0x080024a0   Section        0  key.o(.text)
    .text                                    0x080024f4   Section        0  led.o(.text)
    .text                                    0x08002530   Section        0  pwm.o(.text)
    .text                                    0x080025f0   Section        0  direction.o(.text)
    .text                                    0x080026d8   Section        0  speed.o(.text)
    .text                                    0x08002a38   Section        0  pid.o(.text)
    .text                                    0x08002c8c   Section        0  24l01.o(.text)
    .text                                    0x08002fcc   Section        0  spi.o(.text)
    .text                                    0x080030f4   Section        2  use_no_semi_2.o(.text)
    .text                                    0x080030f8   Section        0  noretval__2printf.o(.text)
    .text                                    0x08003110   Section        0  __printf.o(.text)
    .text                                    0x08003178   Section        0  strlen.o(.text)
    .text                                    0x080031b6   Section        0  heapauxi.o(.text)
    .text                                    0x080031bc   Section        2  use_no_semi.o(.text)
    .text                                    0x080031c0   Section        0  _printf_char_file.o(.text)
    .text                                    0x080031e4   Section        0  _printf_char_common.o(.text)
    _printf_input_char                       0x080031e5   Thumb Code    10  _printf_char_common.o(.text)
    .text                                    0x08003214   Section        0  ferror.o(.text)
    .text                                    0x0800321c   Section       74  sys_stackheap_outer.o(.text)
    .text                                    0x08003266   Section        0  exit.o(.text)
    .text                                    0x08003274   Section        8  libspace.o(.text)
    x$fpl$dadd                               0x0800327c   Section      336  daddsub_clz.o(x$fpl$dadd)
    _dadd1                                   0x0800328d   Thumb Code     0  daddsub_clz.o(x$fpl$dadd)
    x$fpl$ddiv                               0x080033cc   Section      688  ddiv.o(x$fpl$ddiv)
    ddiv_entry                               0x080033d3   Thumb Code     0  ddiv.o(x$fpl$ddiv)
    x$fpl$dfix                               0x0800367c   Section       94  dfix.o(x$fpl$dfix)
    x$fpl$dfixu                              0x080036dc   Section       90  dfixu.o(x$fpl$dfixu)
    x$fpl$dflt                               0x08003736   Section       46  dflt_clz.o(x$fpl$dflt)
    x$fpl$dfltu                              0x08003764   Section       38  dflt_clz.o(x$fpl$dfltu)
    x$fpl$dmul                               0x0800378c   Section      340  dmul.o(x$fpl$dmul)
    x$fpl$dnaninf                            0x080038e0   Section      156  dnaninf.o(x$fpl$dnaninf)
    x$fpl$dretinf                            0x0800397c   Section       12  dretinf.o(x$fpl$dretinf)
    x$fpl$dsub                               0x08003988   Section      468  daddsub_clz.o(x$fpl$dsub)
    _dsub1                                   0x08003999   Thumb Code     0  daddsub_clz.o(x$fpl$dsub)
    x$fpl$f2d                                0x08003b5c   Section       86  f2d.o(x$fpl$f2d)
    x$fpl$fdiv                               0x08003bb4   Section      388  fdiv.o(x$fpl$fdiv)
    _fdiv1                                   0x08003bb5   Thumb Code     0  fdiv.o(x$fpl$fdiv)
    x$fpl$ffltu                              0x08003d38   Section       38  fflt_clz.o(x$fpl$ffltu)
    x$fpl$fnaninf                            0x08003d5e   Section      140  fnaninf.o(x$fpl$fnaninf)
    x$fpl$fretinf                            0x08003dea   Section       10  fretinf.o(x$fpl$fretinf)
    .constdata                               0x08003df4   Section       10  24l01.o(.constdata)
    x$fpl$usenofp                            0x08003df4   Section        0  usenofp.o(x$fpl$usenofp)
    .data                                    0x20000000   Section       20  system_stm32f10x.o(.data)
    .data                                    0x20000014   Section        4  delay.o(.data)
    fac_us                                   0x20000014   Data           1  delay.o(.data)
    fac_ms                                   0x20000016   Data           2  delay.o(.data)
    .data                                    0x20000018   Section        6  usart.o(.data)
    .data                                    0x2000001e   Section       20  stm32f10x_rcc.o(.data)
    APBAHBPrescTable                         0x2000001e   Data          16  stm32f10x_rcc.o(.data)
    ADCPrescTable                            0x2000002e   Data           4  stm32f10x_rcc.o(.data)
    .data                                    0x20000032   Section        4  pwm.o(.data)
    .data                                    0x20000036   Section       12  speed.o(.data)
    .data                                    0x20000044   Section       32  pid.o(.data)
    .data                                    0x20000064   Section        6  24l01.o(.data)
    .bss                                     0x2000006c   Section      200  usart.o(.bss)
    .bss                                     0x20000134   Section       96  libspace.o(.bss)
    HEAP                                     0x20000198   Section      512  startup_stm32f10x_hd.o(HEAP)
    Heap_Mem                                 0x20000198   Data         512  startup_stm32f10x_hd.o(HEAP)
    STACK                                    0x20000398   Section     1024  startup_stm32f10x_hd.o(STACK)
    Stack_Mem                                0x20000398   Data        1024  startup_stm32f10x_hd.o(STACK)
    __initial_sp                             0x20000798   Data           0  startup_stm32f10x_hd.o(STACK)

    Global Symbols

    Symbol Name                              Value     Ov Type        Size  Object(Section)

    BuildAttributes$$THM_ISAv4$P$D$K$B$S$PE$A:L22UL41UL21$X:L11$S22US41US21$IEEE1$IW$USESV6$~STKCKD$USESV7$~SHL$OSPACE$ROPI$EBA8$UX$STANDARDLIB$REQ8$PRES8$EABIv2 0x00000000   Number         0  anon$$obj.o ABSOLUTE
    __ARM_use_no_argv                        0x00000000   Number         0  main.o ABSOLUTE
    __ARM_exceptions_init                     - Undefined Weak Reference
    __alloca_initialize                       - Undefined Weak Reference
    __cpp_initialize__aeabi_                  - Undefined Weak Reference
    __cxa_finalize                            - Undefined Weak Reference
    __rt_locale                               - Undefined Weak Reference
    __sigvec_lookup                           - Undefined Weak Reference
    _atexit_init                              - Undefined Weak Reference
    _call_atexit_fns                          - Undefined Weak Reference
    _clock_init                               - Undefined Weak Reference
    _fp_trap_init                             - Undefined Weak Reference
    _fp_trap_shutdown                         - Undefined Weak Reference
    _get_lc_collate                           - Undefined Weak Reference
    _get_lc_ctype                             - Undefined Weak Reference
    _get_lc_monetary                          - Undefined Weak Reference
    _get_lc_numeric                           - Undefined Weak Reference
    _get_lc_time                              - Undefined Weak Reference
    _getenv_init                              - Undefined Weak Reference
    _handle_redirection                       - Undefined Weak Reference
    _init_alloc                               - Undefined Weak Reference
    _init_user_alloc                          - Undefined Weak Reference
    _initio                                   - Undefined Weak Reference
    _mutex_acquire                            - Undefined Weak Reference
    _mutex_release                            - Undefined Weak Reference
    _printf_post_padding                      - Undefined Weak Reference
    _printf_pre_padding                       - Undefined Weak Reference
    _printf_truncate_unsigned                 - Undefined Weak Reference
    _rand_init                                - Undefined Weak Reference
    _signal_finish                            - Undefined Weak Reference
    _signal_init                              - Undefined Weak Reference
    _terminate_alloc                          - Undefined Weak Reference
    _terminate_user_alloc                     - Undefined Weak Reference
    _terminateio                              - Undefined Weak Reference
    __Vectors_Size                           0x00000130   Number         0  startup_stm32f10x_hd.o ABSOLUTE
    __Vectors                                0x08000000   Data           4  startup_stm32f10x_hd.o(RESET)
    __Vectors_End                            0x08000130   Data           0  startup_stm32f10x_hd.o(RESET)
    __main                                   0x08000131   Thumb Code     8  __main.o(!!!main)
    __scatterload                            0x08000139   Thumb Code     0  __scatter.o(!!!scatter)
    __scatterload_rt2                        0x08000139   Thumb Code    44  __scatter.o(!!!scatter)
    __scatterload_rt2_thumb_only             0x08000139   Thumb Code     0  __scatter.o(!!!scatter)
    __scatterload_null                       0x08000147   Thumb Code     0  __scatter.o(!!!scatter)
    __scatterload_copy                       0x0800016d   Thumb Code    26  __scatter_copy.o(!!handler_copy)
    __scatterload_zeroinit                   0x08000189   Thumb Code    28  __scatter_zi.o(!!handler_zi)
    _printf_percent                          0x080001a5   Thumb Code     0  _printf_percent.o(.ARM.Collect$$_printf_percent$$00000000)
    _printf_percent_end                      0x080001a5   Thumb Code     0  _printf_percent_end.o(.ARM.Collect$$_printf_percent$$00000017)
    __rt_lib_init                            0x080001a9   Thumb Code     0  libinit.o(.ARM.Collect$$libinit$$00000000)
    __rt_lib_init_alloca_1                   0x080001ab   Thumb Code     0  libinit2.o(.ARM.Collect$$libinit$$0000002C)
    __rt_lib_init_argv_1                     0x080001ab   Thumb Code     0  libinit2.o(.ARM.Collect$$libinit$$0000002A)
    __rt_lib_init_atexit_1                   0x080001ab   Thumb Code     0  libinit2.o(.ARM.Collect$$libinit$$00000019)
    __rt_lib_init_clock_1                    0x080001ab   Thumb Code     0  libinit2.o(.ARM.Collect$$libinit$$0000001F)
    __rt_lib_init_cpp_1                      0x080001ab   Thumb Code     0  libinit2.o(.ARM.Collect$$libinit$$00000030)
    __rt_lib_init_exceptions_1               0x080001ab   Thumb Code     0  libinit2.o(.ARM.Collect$$libinit$$0000002E)
    __rt_lib_init_fp_1                       0x080001ab   Thumb Code     0  libinit2.o(.ARM.Collect$$libinit$$00000002)
    __rt_lib_init_fp_trap_1                  0x080001ab   Thumb Code     0  libinit2.o(.ARM.Collect$$libinit$$0000001D)
    __rt_lib_init_getenv_1                   0x080001ab   Thumb Code     0  libinit2.o(.ARM.Collect$$libinit$$00000021)
    __rt_lib_init_heap_1                     0x080001ab   Thumb Code     0  libinit2.o(.ARM.Collect$$libinit$$00000008)
    __rt_lib_init_lc_collate_1               0x080001ab   Thumb Code     0  libinit2.o(.ARM.Collect$$libinit$$0000000F)
    __rt_lib_init_lc_ctype_1                 0x080001ab   Thumb Code     0  libinit2.o(.ARM.Collect$$libinit$$00000011)
    __rt_lib_init_lc_monetary_1              0x080001ab   Thumb Code     0  libinit2.o(.ARM.Collect$$libinit$$00000013)
    __rt_lib_init_lc_numeric_1               0x080001ab   Thumb Code     0  libinit2.o(.ARM.Collect$$libinit$$00000015)
    __rt_lib_init_lc_time_1                  0x080001ab   Thumb Code     0  libinit2.o(.ARM.Collect$$libinit$$00000017)
    __rt_lib_init_rand_1                     0x080001ab   Thumb Code     0  libinit2.o(.ARM.Collect$$libinit$$0000000C)
    __rt_lib_init_return                     0x080001ab   Thumb Code     0  libinit2.o(.ARM.Collect$$libinit$$00000031)
    __rt_lib_init_signal_1                   0x080001ab   Thumb Code     0  libinit2.o(.ARM.Collect$$libinit$$0000001B)
    __rt_lib_init_stdio_1                    0x080001ab   Thumb Code     0  libinit2.o(.ARM.Collect$$libinit$$00000023)
    __rt_lib_init_user_alloc_1               0x080001ab   Thumb Code     0  libinit2.o(.ARM.Collect$$libinit$$0000000A)
    __rt_lib_shutdown                        0x080001ad   Thumb Code     0  libshutdown.o(.ARM.Collect$$libshutdown$$00000000)
    __rt_lib_shutdown_fp_trap_1              0x080001af   Thumb Code     0  libshutdown2.o(.ARM.Collect$$libshutdown$$00000006)
    __rt_lib_shutdown_heap_1                 0x080001af   Thumb Code     0  libshutdown2.o(.ARM.Collect$$libshutdown$$0000000E)
    __rt_lib_shutdown_return                 0x080001af   Thumb Code     0  libshutdown2.o(.ARM.Collect$$libshutdown$$0000000F)
    __rt_lib_shutdown_signal_1               0x080001af   Thumb Code     0  libshutdown2.o(.ARM.Collect$$libshutdown$$00000009)
    __rt_lib_shutdown_stdio_1                0x080001af   Thumb Code     0  libshutdown2.o(.ARM.Collect$$libshutdown$$00000003)
    __rt_lib_shutdown_user_alloc_1           0x080001af   Thumb Code     0  libshutdown2.o(.ARM.Collect$$libshutdown$$0000000B)
    __rt_entry                               0x080001b1   Thumb Code     0  rtentry.o(.ARM.Collect$$rtentry$$00000000)
    __rt_entry_presh_1                       0x080001b1   Thumb Code     0  rtentry2.o(.ARM.Collect$$rtentry$$00000002)
    __rt_entry_sh                            0x080001b1   Thumb Code     0  rtentry4.o(.ARM.Collect$$rtentry$$00000004)
    __rt_entry_li                            0x080001b7   Thumb Code     0  rtentry2.o(.ARM.Collect$$rtentry$$0000000A)
    __rt_entry_postsh_1                      0x080001b7   Thumb Code     0  rtentry2.o(.ARM.Collect$$rtentry$$00000009)
    __rt_entry_main                          0x080001bb   Thumb Code     0  rtentry2.o(.ARM.Collect$$rtentry$$0000000D)
    __rt_entry_postli_1                      0x080001bb   Thumb Code     0  rtentry2.o(.ARM.Collect$$rtentry$$0000000C)
    __rt_exit                                0x080001c3   Thumb Code     0  rtexit.o(.ARM.Collect$$rtexit$$00000000)
    __rt_exit_ls                             0x080001c5   Thumb Code     0  rtexit2.o(.ARM.Collect$$rtexit$$00000003)
    __rt_exit_prels_1                        0x080001c5   Thumb Code     0  rtexit2.o(.ARM.Collect$$rtexit$$00000002)
    __rt_exit_exit                           0x080001c9   Thumb Code     0  rtexit2.o(.ARM.Collect$$rtexit$$00000004)
    Reset_Handler                            0x080001d1   Thumb Code     8  startup_stm32f10x_hd.o(.text)
    ADC1_2_IRQHandler                        0x080001eb   Thumb Code     0  startup_stm32f10x_hd.o(.text)
    ADC3_IRQHandler                          0x080001eb   Thumb Code     0  startup_stm32f10x_hd.o(.text)
    CAN1_RX1_IRQHandler                      0x080001eb   Thumb Code     0  startup_stm32f10x_hd.o(.text)
    CAN1_SCE_IRQHandler                      0x080001eb   Thumb Code     0  startup_stm32f10x_hd.o(.text)
    DMA1_Channel1_IRQHandler                 0x080001eb   Thumb Code     0  startup_stm32f10x_hd.o(.text)
    DMA1_Channel2_IRQHandler                 0x080001eb   Thumb Code     0  startup_stm32f10x_hd.o(.text)
    DMA1_Channel3_IRQHandler                 0x080001eb   Thumb Code     0  startup_stm32f10x_hd.o(.text)
    DMA1_Channel4_IRQHandler                 0x080001eb   Thumb Code     0  startup_stm32f10x_hd.o(.text)
    DMA1_Channel5_IRQHandler                 0x080001eb   Thumb Code     0  startup_stm32f10x_hd.o(.text)
    DMA1_Channel6_IRQHandler                 0x080001eb   Thumb Code     0  startup_stm32f10x_hd.o(.text)
    DMA1_Channel7_IRQHandler                 0x080001eb   Thumb Code     0  startup_stm32f10x_hd.o(.text)
    DMA2_Channel1_IRQHandler                 0x080001eb   Thumb Code     0  startup_stm32f10x_hd.o(.text)
    DMA2_Channel2_IRQHandler                 0x080001eb   Thumb Code     0  startup_stm32f10x_hd.o(.text)
    DMA2_Channel3_IRQHandler                 0x080001eb   Thumb Code     0  startup_stm32f10x_hd.o(.text)
    DMA2_Channel4_5_IRQHandler               0x080001eb   Thumb Code     0  startup_stm32f10x_hd.o(.text)
    EXTI0_IRQHandler                         0x080001eb   Thumb Code     0  startup_stm32f10x_hd.o(.text)
    EXTI15_10_IRQHandler                     0x080001eb   Thumb Code     0  startup_stm32f10x_hd.o(.text)
    EXTI1_IRQHandler                         0x080001eb   Thumb Code     0  startup_stm32f10x_hd.o(.text)
    EXTI2_IRQHandler                         0x080001eb   Thumb Code     0  startup_stm32f10x_hd.o(.text)
    EXTI3_IRQHandler                         0x080001eb   Thumb Code     0  startup_stm32f10x_hd.o(.text)
    EXTI4_IRQHandler                         0x080001eb   Thumb Code     0  startup_stm32f10x_hd.o(.text)
    EXTI9_5_IRQHandler                       0x080001eb   Thumb Code     0  startup_stm32f10x_hd.o(.text)
    FLASH_IRQHandler                         0x080001eb   Thumb Code     0  startup_stm32f10x_hd.o(.text)
    FSMC_IRQHandler                          0x080001eb   Thumb Code     0  startup_stm32f10x_hd.o(.text)
    I2C1_ER_IRQHandler                       0x080001eb   Thumb Code     0  startup_stm32f10x_hd.o(.text)
    I2C1_EV_IRQHandler                       0x080001eb   Thumb Code     0  startup_stm32f10x_hd.o(.text)
    I2C2_ER_IRQHandler                       0x080001eb   Thumb Code     0  startup_stm32f10x_hd.o(.text)
    I2C2_EV_IRQHandler                       0x080001eb   Thumb Code     0  startup_stm32f10x_hd.o(.text)
    PVD_IRQHandler                           0x080001eb   Thumb Code     0  startup_stm32f10x_hd.o(.text)
    RCC_IRQHandler                           0x080001eb   Thumb Code     0  startup_stm32f10x_hd.o(.text)
    RTCAlarm_IRQHandler                      0x080001eb   Thumb Code     0  startup_stm32f10x_hd.o(.text)
    RTC_IRQHandler                           0x080001eb   Thumb Code     0  startup_stm32f10x_hd.o(.text)
    SDIO_IRQHandler                          0x080001eb   Thumb Code     0  startup_stm32f10x_hd.o(.text)
    SPI1_IRQHandler                          0x080001eb   Thumb Code     0  startup_stm32f10x_hd.o(.text)
    SPI2_IRQHandler                          0x080001eb   Thumb Code     0  startup_stm32f10x_hd.o(.text)
    SPI3_IRQHandler                          0x080001eb   Thumb Code     0  startup_stm32f10x_hd.o(.text)
    TAMPER_IRQHandler                        0x080001eb   Thumb Code     0  startup_stm32f10x_hd.o(.text)
    TIM1_BRK_IRQHandler                      0x080001eb   Thumb Code     0  startup_stm32f10x_hd.o(.text)
    TIM1_CC_IRQHandler                       0x080001eb   Thumb Code     0  startup_stm32f10x_hd.o(.text)
    TIM1_TRG_COM_IRQHandler                  0x080001eb   Thumb Code     0  startup_stm32f10x_hd.o(.text)
    TIM1_UP_IRQHandler                       0x080001eb   Thumb Code     0  startup_stm32f10x_hd.o(.text)
    TIM4_IRQHandler                          0x080001eb   Thumb Code     0  startup_stm32f10x_hd.o(.text)
    TIM5_IRQHandler                          0x080001eb   Thumb Code     0  startup_stm32f10x_hd.o(.text)
    TIM6_IRQHandler                          0x080001eb   Thumb Code     0  startup_stm32f10x_hd.o(.text)
    TIM7_IRQHandler                          0x080001eb   Thumb Code     0  startup_stm32f10x_hd.o(.text)
    TIM8_BRK_IRQHandler                      0x080001eb   Thumb Code     0  startup_stm32f10x_hd.o(.text)
    TIM8_CC_IRQHandler                       0x080001eb   Thumb Code     0  startup_stm32f10x_hd.o(.text)
    TIM8_TRG_COM_IRQHandler                  0x080001eb   Thumb Code     0  startup_stm32f10x_hd.o(.text)
    TIM8_UP_IRQHandler                       0x080001eb   Thumb Code     0  startup_stm32f10x_hd.o(.text)
    UART4_IRQHandler                         0x080001eb   Thumb Code     0  startup_stm32f10x_hd.o(.text)
    UART5_IRQHandler                         0x080001eb   Thumb Code     0  startup_stm32f10x_hd.o(.text)
    USART2_IRQHandler                        0x080001eb   Thumb Code     0  startup_stm32f10x_hd.o(.text)
    USART3_IRQHandler                        0x080001eb   Thumb Code     0  startup_stm32f10x_hd.o(.text)
    USBWakeUp_IRQHandler                     0x080001eb   Thumb Code     0  startup_stm32f10x_hd.o(.text)
    USB_HP_CAN1_TX_IRQHandler                0x080001eb   Thumb Code     0  startup_stm32f10x_hd.o(.text)
    USB_LP_CAN1_RX0_IRQHandler               0x080001eb   Thumb Code     0  startup_stm32f10x_hd.o(.text)
    WWDG_IRQHandler                          0x080001eb   Thumb Code     0  startup_stm32f10x_hd.o(.text)
    __user_initial_stackheap                 0x080001ed   Thumb Code     0  startup_stm32f10x_hd.o(.text)
    main                                     0x08000211   Thumb Code   662  main.o(.text)
    NMI_Handler                              0x080004bd   Thumb Code     2  stm32f10x_it.o(.text)
    HardFault_Handler                        0x080004bf   Thumb Code     4  stm32f10x_it.o(.text)
    MemManage_Handler                        0x080004c3   Thumb Code     4  stm32f10x_it.o(.text)
    BusFault_Handler                         0x080004c7   Thumb Code     4  stm32f10x_it.o(.text)
    UsageFault_Handler                       0x080004cb   Thumb Code     4  stm32f10x_it.o(.text)
    SVC_Handler                              0x080004cf   Thumb Code     2  stm32f10x_it.o(.text)
    DebugMon_Handler                         0x080004d1   Thumb Code     2  stm32f10x_it.o(.text)
    PendSV_Handler                           0x080004d3   Thumb Code     2  stm32f10x_it.o(.text)
    SysTick_Handler                          0x080004d5   Thumb Code     2  stm32f10x_it.o(.text)
    SystemInit                               0x080005b7   Thumb Code    78  system_stm32f10x.o(.text)
    SystemCoreClockUpdate                    0x08000605   Thumb Code   142  system_stm32f10x.o(.text)
    delay_init                               0x080006b9   Thumb Code    50  delay.o(.text)
    delay_us                                 0x080006eb   Thumb Code    72  delay.o(.text)
    delay_ms                                 0x08000733   Thumb Code    72  delay.o(.text)
    NVIC_Configuration                       0x0800078d   Thumb Code    12  sys.o(.text)
    JTAG_Set                                 0x08000799   Thumb Code    38  sys.o(.text)
    _sys_exit                                0x080007c9   Thumb Code     6  usart.o(.text)
    fputc                                    0x080007cf   Thumb Code    24  usart.o(.text)
    uart_init                                0x080007e7   Thumb Code   158  usart.o(.text)
    USART1_IRQHandler                        0x08000885   Thumb Code   136  usart.o(.text)
    usart_getunint                           0x0800090d   Thumb Code   122  usart.o(.text)
    usart_getfloat                           0x08000987   Thumb Code   208  usart.o(.text)
    NVIC_PriorityGroupConfig                 0x08000aa1   Thumb Code    10  misc.o(.text)
    NVIC_Init                                0x08000aab   Thumb Code   100  misc.o(.text)
    NVIC_SetVectorTable                      0x08000b0f   Thumb Code    14  misc.o(.text)
    NVIC_SystemLPConfig                      0x08000b1d   Thumb Code    34  misc.o(.text)
    SysTick_CLKSourceConfig                  0x08000b3f   Thumb Code    40  misc.o(.text)
    GPIO_DeInit                              0x08000b7d   Thumb Code   172  stm32f10x_gpio.o(.text)
    GPIO_AFIODeInit                          0x08000c29   Thumb Code    20  stm32f10x_gpio.o(.text)
    GPIO_Init                                0x08000c3d   Thumb Code   278  stm32f10x_gpio.o(.text)
    GPIO_StructInit                          0x08000d53   Thumb Code    16  stm32f10x_gpio.o(.text)
    GPIO_ReadInputDataBit                    0x08000d63   Thumb Code    18  stm32f10x_gpio.o(.text)
    GPIO_ReadInputData                       0x08000d75   Thumb Code     8  stm32f10x_gpio.o(.text)
    GPIO_ReadOutputDataBit                   0x08000d7d   Thumb Code    18  stm32f10x_gpio.o(.text)
    GPIO_ReadOutputData                      0x08000d8f   Thumb Code     8  stm32f10x_gpio.o(.text)
    GPIO_SetBits                             0x08000d97   Thumb Code     4  stm32f10x_gpio.o(.text)
    GPIO_ResetBits                           0x08000d9b   Thumb Code     4  stm32f10x_gpio.o(.text)
    GPIO_WriteBit                            0x08000d9f   Thumb Code    10  stm32f10x_gpio.o(.text)
    GPIO_Write                               0x08000da9   Thumb Code     4  stm32f10x_gpio.o(.text)
    GPIO_PinLockConfig                       0x08000dad   Thumb Code    18  stm32f10x_gpio.o(.text)
    GPIO_EventOutputConfig                   0x08000dbf   Thumb Code    26  stm32f10x_gpio.o(.text)
    GPIO_EventOutputCmd                      0x08000dd9   Thumb Code     6  stm32f10x_gpio.o(.text)
    GPIO_PinRemapConfig                      0x08000ddf   Thumb Code   138  stm32f10x_gpio.o(.text)
    GPIO_EXTILineConfig                      0x08000e69   Thumb Code    66  stm32f10x_gpio.o(.text)
    GPIO_ETH_MediaInterfaceConfig            0x08000eab   Thumb Code     8  stm32f10x_gpio.o(.text)
    RCC_DeInit                               0x08000ed9   Thumb Code    64  stm32f10x_rcc.o(.text)
    RCC_HSEConfig                            0x08000f19   Thumb Code    70  stm32f10x_rcc.o(.text)
    RCC_GetFlagStatus                        0x08000f5f   Thumb Code    56  stm32f10x_rcc.o(.text)
    RCC_WaitForHSEStartUp                    0x08000f97   Thumb Code    56  stm32f10x_rcc.o(.text)
    RCC_AdjustHSICalibrationValue            0x08000fcf   Thumb Code    20  stm32f10x_rcc.o(.text)
    RCC_HSICmd                               0x08000fe3   Thumb Code     6  stm32f10x_rcc.o(.text)
    RCC_PLLConfig                            0x08000fe9   Thumb Code    24  stm32f10x_rcc.o(.text)
    RCC_PLLCmd                               0x08001001   Thumb Code     6  stm32f10x_rcc.o(.text)
    RCC_SYSCLKConfig                         0x08001007   Thumb Code    18  stm32f10x_rcc.o(.text)
    RCC_GetSYSCLKSource                      0x08001019   Thumb Code    10  stm32f10x_rcc.o(.text)
    RCC_HCLKConfig                           0x08001023   Thumb Code    18  stm32f10x_rcc.o(.text)
    RCC_PCLK1Config                          0x08001035   Thumb Code    18  stm32f10x_rcc.o(.text)
    RCC_PCLK2Config                          0x08001047   Thumb Code    20  stm32f10x_rcc.o(.text)
    RCC_ITConfig                             0x0800105b   Thumb Code    26  stm32f10x_rcc.o(.text)
    RCC_USBCLKConfig                         0x08001075   Thumb Code     8  stm32f10x_rcc.o(.text)
    RCC_ADCCLKConfig                         0x0800107d   Thumb Code    18  stm32f10x_rcc.o(.text)
    RCC_LSEConfig                            0x0800108f   Thumb Code    50  stm32f10x_rcc.o(.text)
    RCC_LSICmd                               0x080010c1   Thumb Code     6  stm32f10x_rcc.o(.text)
    RCC_RTCCLKConfig                         0x080010c7   Thumb Code    12  stm32f10x_rcc.o(.text)
    RCC_RTCCLKCmd                            0x080010d3   Thumb Code     8  stm32f10x_rcc.o(.text)
    RCC_GetClocksFreq                        0x080010db   Thumb Code   192  stm32f10x_rcc.o(.text)
    RCC_AHBPeriphClockCmd                    0x0800119b   Thumb Code    26  stm32f10x_rcc.o(.text)
    RCC_APB2PeriphClockCmd                   0x080011b5   Thumb Code    26  stm32f10x_rcc.o(.text)
    RCC_APB1PeriphClockCmd                   0x080011cf   Thumb Code    26  stm32f10x_rcc.o(.text)
    RCC_APB2PeriphResetCmd                   0x080011e9   Thumb Code    26  stm32f10x_rcc.o(.text)
    RCC_APB1PeriphResetCmd                   0x08001203   Thumb Code    26  stm32f10x_rcc.o(.text)
    RCC_BackupResetCmd                       0x0800121d   Thumb Code     8  stm32f10x_rcc.o(.text)
    RCC_ClockSecuritySystemCmd               0x08001225   Thumb Code     6  stm32f10x_rcc.o(.text)
    RCC_MCOConfig                            0x0800122b   Thumb Code     6  stm32f10x_rcc.o(.text)
    RCC_ClearFlag                            0x08001231   Thumb Code    14  stm32f10x_rcc.o(.text)
    RCC_GetITStatus                          0x0800123f   Thumb Code    20  stm32f10x_rcc.o(.text)
    RCC_ClearITPendingBit                    0x08001253   Thumb Code     6  stm32f10x_rcc.o(.text)
    TIM_DeInit                               0x0800127d   Thumb Code   424  stm32f10x_tim.o(.text)
    TIM_TimeBaseInit                         0x08001425   Thumb Code   122  stm32f10x_tim.o(.text)
    TIM_OC1Init                              0x0800149f   Thumb Code   132  stm32f10x_tim.o(.text)
    TIM_OC2Init                              0x08001523   Thumb Code   154  stm32f10x_tim.o(.text)
    TIM_OC3Init                              0x080015bd   Thumb Code   150  stm32f10x_tim.o(.text)
    TIM_OC4Init                              0x08001653   Thumb Code   182  stm32f10x_tim.o(.text)
    TIM_SetIC4Prescaler                      0x08001709   Thumb Code    26  stm32f10x_tim.o(.text)
    TIM_SetIC3Prescaler                      0x080017a5   Thumb Code    18  stm32f10x_tim.o(.text)
    TIM_SetIC2Prescaler                      0x08001831   Thumb Code    26  stm32f10x_tim.o(.text)
    TIM_SetIC1Prescaler                      0x080018cd   Thumb Code    18  stm32f10x_tim.o(.text)
    TIM_ICInit                               0x0800194b   Thumb Code   150  stm32f10x_tim.o(.text)
    TIM_PWMIConfig                           0x080019e1   Thumb Code   124  stm32f10x_tim.o(.text)
    TIM_BDTRConfig                           0x08001a5d   Thumb Code    32  stm32f10x_tim.o(.text)
    TIM_TimeBaseStructInit                   0x08001a7d   Thumb Code    18  stm32f10x_tim.o(.text)
    TIM_OCStructInit                         0x08001a8f   Thumb Code    20  stm32f10x_tim.o(.text)
    TIM_ICStructInit                         0x08001aa3   Thumb Code    18  stm32f10x_tim.o(.text)
    TIM_BDTRStructInit                       0x08001ab5   Thumb Code    40  stm32f10x_tim.o(.text)
    TIM_Cmd                                  0x08001add   Thumb Code    24  stm32f10x_tim.o(.text)
    TIM_CtrlPWMOutputs                       0x08001af5   Thumb Code    30  stm32f10x_tim.o(.text)
    TIM_ITConfig                             0x08001b13   Thumb Code    18  stm32f10x_tim.o(.text)
    TIM_GenerateEvent                        0x08001b25   Thumb Code     4  stm32f10x_tim.o(.text)
    TIM_DMAConfig                            0x08001b29   Thumb Code    10  stm32f10x_tim.o(.text)
    TIM_DMACmd                               0x08001b33   Thumb Code    18  stm32f10x_tim.o(.text)
    TIM_InternalClockConfig                  0x08001b45   Thumb Code    12  stm32f10x_tim.o(.text)
    TIM_SelectInputTrigger                   0x08001b51   Thumb Code    18  stm32f10x_tim.o(.text)
    TIM_ITRxExternalClockConfig              0x08001b63   Thumb Code    24  stm32f10x_tim.o(.text)
    TIM_TIxExternalClockConfig               0x08001b7b   Thumb Code    62  stm32f10x_tim.o(.text)
    TIM_ETRConfig                            0x08001bb9   Thumb Code    28  stm32f10x_tim.o(.text)
    TIM_ETRClockMode1Config                  0x08001bd5   Thumb Code    54  stm32f10x_tim.o(.text)
    TIM_ETRClockMode2Config                  0x08001c0b   Thumb Code    32  stm32f10x_tim.o(.text)
    TIM_PrescalerConfig                      0x08001c2b   Thumb Code     6  stm32f10x_tim.o(.text)
    TIM_CounterModeConfig                    0x08001c31   Thumb Code    18  stm32f10x_tim.o(.text)
    TIM_EncoderInterfaceConfig               0x08001c43   Thumb Code    66  stm32f10x_tim.o(.text)
    TIM_ForcedOC1Config                      0x08001c85   Thumb Code    18  stm32f10x_tim.o(.text)
    TIM_ForcedOC2Config                      0x08001c97   Thumb Code    26  stm32f10x_tim.o(.text)
    TIM_ForcedOC3Config                      0x08001cb1   Thumb Code    18  stm32f10x_tim.o(.text)
    TIM_ForcedOC4Config                      0x08001cc3   Thumb Code    26  stm32f10x_tim.o(.text)
    TIM_ARRPreloadConfig                     0x08001cdd   Thumb Code    24  stm32f10x_tim.o(.text)
    TIM_SelectCOM                            0x08001cf5   Thumb Code    24  stm32f10x_tim.o(.text)
    TIM_SelectCCDMA                          0x08001d0d   Thumb Code    24  stm32f10x_tim.o(.text)
    TIM_CCPreloadControl                     0x08001d25   Thumb Code    24  stm32f10x_tim.o(.text)
    TIM_OC1PreloadConfig                     0x08001d3d   Thumb Code    18  stm32f10x_tim.o(.text)
    TIM_OC2PreloadConfig                     0x08001d4f   Thumb Code    26  stm32f10x_tim.o(.text)
    TIM_OC3PreloadConfig                     0x08001d69   Thumb Code    18  stm32f10x_tim.o(.text)
    TIM_OC4PreloadConfig                     0x08001d7b   Thumb Code    26  stm32f10x_tim.o(.text)
    TIM_OC1FastConfig                        0x08001d95   Thumb Code    18  stm32f10x_tim.o(.text)
    TIM_OC2FastConfig                        0x08001da7   Thumb Code    26  stm32f10x_tim.o(.text)
    TIM_OC3FastConfig                        0x08001dc1   Thumb Code    18  stm32f10x_tim.o(.text)
    TIM_OC4FastConfig                        0x08001dd3   Thumb Code    26  stm32f10x_tim.o(.text)
    TIM_ClearOC1Ref                          0x08001ded   Thumb Code    18  stm32f10x_tim.o(.text)
    TIM_ClearOC2Ref                          0x08001dff   Thumb Code    24  stm32f10x_tim.o(.text)
    TIM_ClearOC3Ref                          0x08001e17   Thumb Code    18  stm32f10x_tim.o(.text)
    TIM_ClearOC4Ref                          0x08001e29   Thumb Code    24  stm32f10x_tim.o(.text)
    TIM_OC1PolarityConfig                    0x08001e41   Thumb Code    18  stm32f10x_tim.o(.text)
    TIM_OC1NPolarityConfig                   0x08001e53   Thumb Code    18  stm32f10x_tim.o(.text)
    TIM_OC2PolarityConfig                    0x08001e65   Thumb Code    26  stm32f10x_tim.o(.text)
    TIM_OC2NPolarityConfig                   0x08001e7f   Thumb Code    26  stm32f10x_tim.o(.text)
    TIM_OC3PolarityConfig                    0x08001e99   Thumb Code    26  stm32f10x_tim.o(.text)
    TIM_OC3NPolarityConfig                   0x08001eb3   Thumb Code    26  stm32f10x_tim.o(.text)
    TIM_OC4PolarityConfig                    0x08001ecd   Thumb Code    26  stm32f10x_tim.o(.text)
    TIM_CCxCmd                               0x08001ee7   Thumb Code    30  stm32f10x_tim.o(.text)
    TIM_CCxNCmd                              0x08001f05   Thumb Code    30  stm32f10x_tim.o(.text)
    TIM_SelectOCxM                           0x08001f23   Thumb Code    82  stm32f10x_tim.o(.text)
    TIM_UpdateDisableConfig                  0x08001f75   Thumb Code    24  stm32f10x_tim.o(.text)
    TIM_UpdateRequestConfig                  0x08001f8d   Thumb Code    24  stm32f10x_tim.o(.text)
    TIM_SelectHallSensor                     0x08001fa5   Thumb Code    24  stm32f10x_tim.o(.text)
    TIM_SelectOnePulseMode                   0x08001fbd   Thumb Code    18  stm32f10x_tim.o(.text)
    TIM_SelectOutputTrigger                  0x08001fcf   Thumb Code    18  stm32f10x_tim.o(.text)
    TIM_SelectSlaveMode                      0x08001fe1   Thumb Code    18  stm32f10x_tim.o(.text)
    TIM_SelectMasterSlaveMode                0x08001ff3   Thumb Code    18  stm32f10x_tim.o(.text)
    TIM_SetCounter                           0x08002005   Thumb Code     4  stm32f10x_tim.o(.text)
    TIM_SetAutoreload                        0x08002009   Thumb Code     4  stm32f10x_tim.o(.text)
    TIM_SetCompare1                          0x0800200d   Thumb Code     4  stm32f10x_tim.o(.text)
    TIM_SetCompare2                          0x08002011   Thumb Code     4  stm32f10x_tim.o(.text)
    TIM_SetCompare3                          0x08002015   Thumb Code     4  stm32f10x_tim.o(.text)
    TIM_SetCompare4                          0x08002019   Thumb Code     6  stm32f10x_tim.o(.text)
    TIM_SetClockDivision                     0x0800201f   Thumb Code    18  stm32f10x_tim.o(.text)
    TIM_GetCapture1                          0x08002031   Thumb Code     6  stm32f10x_tim.o(.text)
    TIM_GetCapture2                          0x08002037   Thumb Code     6  stm32f10x_tim.o(.text)
    TIM_GetCapture3                          0x0800203d   Thumb Code     6  stm32f10x_tim.o(.text)
    TIM_GetCapture4                          0x08002043   Thumb Code     8  stm32f10x_tim.o(.text)
    TIM_GetCounter                           0x0800204b   Thumb Code     6  stm32f10x_tim.o(.text)
    TIM_GetPrescaler                         0x08002051   Thumb Code     6  stm32f10x_tim.o(.text)
    TIM_GetFlagStatus                        0x08002057   Thumb Code    18  stm32f10x_tim.o(.text)
    TIM_ClearFlag                            0x08002069   Thumb Code     6  stm32f10x_tim.o(.text)
    TIM_GetITStatus                          0x0800206f   Thumb Code    34  stm32f10x_tim.o(.text)
    TIM_ClearITPendingBit                    0x08002091   Thumb Code     6  stm32f10x_tim.o(.text)
    USART_DeInit                             0x08002099   Thumb Code   134  stm32f10x_usart.o(.text)
    USART_Init                               0x0800211f   Thumb Code   210  stm32f10x_usart.o(.text)
    USART_StructInit                         0x080021f1   Thumb Code    24  stm32f10x_usart.o(.text)
    USART_ClockInit                          0x08002209   Thumb Code    34  stm32f10x_usart.o(.text)
    USART_ClockStructInit                    0x0800222b   Thumb Code    12  stm32f10x_usart.o(.text)
    USART_Cmd                                0x08002237   Thumb Code    24  stm32f10x_usart.o(.text)
    USART_ITConfig                           0x0800224f   Thumb Code    74  stm32f10x_usart.o(.text)
    USART_DMACmd                             0x08002299   Thumb Code    18  stm32f10x_usart.o(.text)
    USART_SetAddress                         0x080022ab   Thumb Code    18  stm32f10x_usart.o(.text)
    USART_WakeUpConfig                       0x080022bd   Thumb Code    18  stm32f10x_usart.o(.text)
    USART_ReceiverWakeUpCmd                  0x080022cf   Thumb Code    24  stm32f10x_usart.o(.text)
    USART_LINBreakDetectLengthConfig         0x080022e7   Thumb Code    18  stm32f10x_usart.o(.text)
    USART_LINCmd                             0x080022f9   Thumb Code    24  stm32f10x_usart.o(.text)
    USART_SendData                           0x08002311   Thumb Code     8  stm32f10x_usart.o(.text)
    USART_ReceiveData                        0x08002319   Thumb Code    10  stm32f10x_usart.o(.text)
    USART_SendBreak                          0x08002323   Thumb Code    10  stm32f10x_usart.o(.text)
    USART_SetGuardTime                       0x0800232d   Thumb Code    16  stm32f10x_usart.o(.text)
    USART_SetPrescaler                       0x0800233d   Thumb Code    16  stm32f10x_usart.o(.text)
    USART_SmartCardCmd                       0x0800234d   Thumb Code    24  stm32f10x_usart.o(.text)
    USART_SmartCardNACKCmd                   0x08002365   Thumb Code    24  stm32f10x_usart.o(.text)
    USART_HalfDuplexCmd                      0x0800237d   Thumb Code    24  stm32f10x_usart.o(.text)
    USART_OverSampling8Cmd                   0x08002395   Thumb Code    22  stm32f10x_usart.o(.text)
    USART_OneBitMethodCmd                    0x080023ab   Thumb Code    24  stm32f10x_usart.o(.text)
    USART_IrDAConfig                         0x080023c3   Thumb Code    18  stm32f10x_usart.o(.text)
    USART_IrDACmd                            0x080023d5   Thumb Code    24  stm32f10x_usart.o(.text)
    USART_GetFlagStatus                      0x080023ed   Thumb Code    26  stm32f10x_usart.o(.text)
    USART_ClearFlag                          0x08002407   Thumb Code    18  stm32f10x_usart.o(.text)
    USART_GetITStatus                        0x08002419   Thumb Code    84  stm32f10x_usart.o(.text)
    USART_ClearITPendingBit                  0x0800246d   Thumb Code    52  stm32f10x_usart.o(.text)
    key_init                                 0x080024a1   Thumb Code    74  key.o(.text)
    led_init                                 0x080024f5   Thumb Code    52  led.o(.text)
    pwm_init                                 0x08002531   Thumb Code   176  pwm.o(.text)
    direction_init                           0x080025f1   Thumb Code    52  direction.o(.text)
    direction                                0x08002625   Thumb Code   160  direction.o(.text)
    speed_init                               0x080026d9   Thumb Code   210  speed.o(.text)
    TIM2_IRQHandler                          0x080027ab   Thumb Code   610  speed.o(.text)
    pid_init                                 0x08002a39   Thumb Code    92  pid.o(.text)
    pid                                      0x08002a95   Thumb Code   186  pid.o(.text)
    TIM3_IRQHandler                          0x08002b4f   Thumb Code   248  pid.o(.text)
    NRF24L01_Init                            0x08002c8d   Thumb Code   158  24l01.o(.text)
    NRF24L01_Read_Buf                        0x08002d2b   Thumb Code    56  24l01.o(.text)
    NRF24L01_Write_Buf                       0x08002d63   Thumb Code    56  24l01.o(.text)
    NRF24L01_Check                           0x08002d9b   Thumb Code    72  24l01.o(.text)
    NRF24L01_Write_Reg                       0x08002de3   Thumb Code    38  24l01.o(.text)
    NRF24L01_Read_Reg                        0x08002e09   Thumb Code    36  24l01.o(.text)
    NRF24L01_TxPacket                        0x08002e2d   Thumb Code    94  24l01.o(.text)
    NRF24L01_RxPacket                        0x08002e8b   Thumb Code    94  24l01.o(.text)
    NRF24L01_RX_Mode                         0x08002ee9   Thumb Code    76  24l01.o(.text)
    NRF24L01_TX_Mode                         0x08002f35   Thumb Code    86  24l01.o(.text)
    SPI1_ReadWriteByte                       0x08002fcd   Thumb Code    78  spi.o(.text)
    SPI1_Init                                0x0800301b   Thumb Code   162  spi.o(.text)
    SPI1_SetSpeed                            0x080030bd   Thumb Code    40  spi.o(.text)
    __use_no_semihosting                     0x080030f5   Thumb Code     2  use_no_semi_2.o(.text)
    __2printf                                0x080030f9   Thumb Code    20  noretval__2printf.o(.text)
    __printf                                 0x08003111   Thumb Code   104  __printf.o(.text)
    strlen                                   0x08003179   Thumb Code    62  strlen.o(.text)
    __use_two_region_memory                  0x080031b7   Thumb Code     2  heapauxi.o(.text)
    __rt_heap_escrow$2region                 0x080031b9   Thumb Code     2  heapauxi.o(.text)
    __rt_heap_expand$2region                 0x080031bb   Thumb Code     2  heapauxi.o(.text)
    __I$use$semihosting                      0x080031bd   Thumb Code     0  use_no_semi.o(.text)
    __use_no_semihosting_swi                 0x080031bd   Thumb Code     2  use_no_semi.o(.text)
    _printf_char_file                        0x080031c1   Thumb Code    32  _printf_char_file.o(.text)
    _printf_char_common                      0x080031ef   Thumb Code    32  _printf_char_common.o(.text)
    ferror                                   0x08003215   Thumb Code     8  ferror.o(.text)
    __user_setup_stackheap                   0x0800321d   Thumb Code    74  sys_stackheap_outer.o(.text)
    exit                                     0x08003267   Thumb Code    12  exit.o(.text)
    __user_libspace                          0x08003275   Thumb Code     8  libspace.o(.text)
    __user_perproc_libspace                  0x08003275   Thumb Code     0  libspace.o(.text)
    __user_perthread_libspace                0x08003275   Thumb Code     0  libspace.o(.text)
    __aeabi_dadd                             0x0800327d   Thumb Code     0  daddsub_clz.o(x$fpl$dadd)
    _dadd                                    0x0800327d   Thumb Code   332  daddsub_clz.o(x$fpl$dadd)
    __aeabi_ddiv                             0x080033cd   Thumb Code     0  ddiv.o(x$fpl$ddiv)
    _ddiv                                    0x080033cd   Thumb Code   552  ddiv.o(x$fpl$ddiv)
    __aeabi_d2iz                             0x0800367d   Thumb Code     0  dfix.o(x$fpl$dfix)
    _dfix                                    0x0800367d   Thumb Code    94  dfix.o(x$fpl$dfix)
    __aeabi_d2uiz                            0x080036dd   Thumb Code     0  dfixu.o(x$fpl$dfixu)
    _dfixu                                   0x080036dd   Thumb Code    90  dfixu.o(x$fpl$dfixu)
    __aeabi_i2d                              0x08003737   Thumb Code     0  dflt_clz.o(x$fpl$dflt)
    _dflt                                    0x08003737   Thumb Code    46  dflt_clz.o(x$fpl$dflt)
    __aeabi_ui2d                             0x08003765   Thumb Code     0  dflt_clz.o(x$fpl$dfltu)
    _dfltu                                   0x08003765   Thumb Code    38  dflt_clz.o(x$fpl$dfltu)
    __aeabi_dmul                             0x0800378d   Thumb Code     0  dmul.o(x$fpl$dmul)
    _dmul                                    0x0800378d   Thumb Code   332  dmul.o(x$fpl$dmul)
    __fpl_dnaninf                            0x080038e1   Thumb Code   156  dnaninf.o(x$fpl$dnaninf)
    __fpl_dretinf                            0x0800397d   Thumb Code    12  dretinf.o(x$fpl$dretinf)
    __aeabi_dsub                             0x08003989   Thumb Code     0  daddsub_clz.o(x$fpl$dsub)
    _dsub                                    0x08003989   Thumb Code   464  daddsub_clz.o(x$fpl$dsub)
    __aeabi_f2d                              0x08003b5d   Thumb Code     0  f2d.o(x$fpl$f2d)
    _f2d                                     0x08003b5d   Thumb Code    86  f2d.o(x$fpl$f2d)
    __aeabi_fdiv                             0x08003bb5   Thumb Code     0  fdiv.o(x$fpl$fdiv)
    _fdiv                                    0x08003bb5   Thumb Code   384  fdiv.o(x$fpl$fdiv)
    __aeabi_ui2f                             0x08003d39   Thumb Code     0  fflt_clz.o(x$fpl$ffltu)
    _ffltu                                   0x08003d39   Thumb Code    38  fflt_clz.o(x$fpl$ffltu)
    __fpl_fnaninf                            0x08003d5f   Thumb Code   140  fnaninf.o(x$fpl$fnaninf)
    __fpl_fretinf                            0x08003deb   Thumb Code    10  fretinf.o(x$fpl$fretinf)
    TX_ADDRESS                               0x08003df4   Data           5  24l01.o(.constdata)
    __I$use$fp                               0x08003df4   Number         0  usenofp.o(x$fpl$usenofp)
    RX_ADDRESS                               0x08003df9   Data           5  24l01.o(.constdata)
    Region$$Table$$Base                      0x08003e00   Number         0  anon$$obj.o(Region$$Table)
    Region$$Table$$Limit                     0x08003e20   Number         0  anon$$obj.o(Region$$Table)
    SystemCoreClock                          0x20000000   Data           4  system_stm32f10x.o(.data)
    AHBPrescTable                            0x20000004   Data          16  system_stm32f10x.o(.data)
    __stdout                                 0x20000018   Data           4  usart.o(.data)
    USART_RX_STA                             0x2000001c   Data           2  usart.o(.data)
    pwm_l                                    0x20000032   Data           2  pwm.o(.data)
    pwm_r                                    0x20000034   Data           2  pwm.o(.data)
    TIM2CH3_CAPTURE_STA                      0x20000036   Data           1  speed.o(.data)
    TIM2CH3_CAPTURE_VAL                      0x20000038   Data           2  speed.o(.data)
    TIM2CH4_CAPTURE_STA                      0x2000003a   Data           1  speed.o(.data)
    TIM2CH4_CAPTURE_VAL                      0x2000003c   Data           2  speed.o(.data)
    s_temp_l                                 0x2000003e   Data           2  speed.o(.data)
    s_temp_r                                 0x20000040   Data           2  speed.o(.data)
    speed_r                                  0x20000044   Data           2  pid.o(.data)
    speed_l                                  0x20000046   Data           2  pid.o(.data)
    el_1                                     0x20000048   Data           4  pid.o(.data)
    el_2                                     0x2000004c   Data           4  pid.o(.data)
    er_1                                     0x20000050   Data           4  pid.o(.data)
    er_2                                     0x20000054   Data           4  pid.o(.data)
    Kp                                       0x20000058   Data           4  pid.o(.data)
    Ti                                       0x2000005c   Data           4  pid.o(.data)
    Td                                       0x20000060   Data           4  pid.o(.data)
    hopping                                  0x20000064   Data           5  24l01.o(.data)
    hopping_turn                             0x20000069   Data           1  24l01.o(.data)
    USART_RX_BUF                             0x2000006c   Data         200  usart.o(.bss)
    __libspace_start                         0x20000134   Data          96  libspace.o(.bss)
    __temporary_stack_top$libspace           0x20000194   Data           0  libspace.o(.bss)



==============================================================================

Memory Map of the image

  Image Entry point : 0x08000131

  Load Region LR_IROM1 (Base: 0x08000000, Size: 0x00003e8c, Max: 0x00040000, ABSOLUTE)

    Execution Region ER_IROM1 (Base: 0x08000000, Size: 0x00003e20, Max: 0x00040000, ABSOLUTE)

    Base Addr    Size         Type   Attr      Idx    E Section Name        Object

    0x08000000   0x00000130   Data   RO           19    RESET               startup_stm32f10x_hd.o
    0x08000130   0x00000008   Code   RO          762  * !!!main             c_w.l(__main.o)
    0x08000138   0x00000034   Code   RO          974    !!!scatter          c_w.l(__scatter.o)
    0x0800016c   0x0000001a   Code   RO          976    !!handler_copy      c_w.l(__scatter_copy.o)
    0x08000186   0x00000002   PAD
    0x08000188   0x0000001c   Code   RO          978    !!handler_zi        c_w.l(__scatter_zi.o)
    0x080001a4   0x00000000   Code   RO          757    .ARM.Collect$$_printf_percent$$00000000  c_w.l(_printf_percent.o)
    0x080001a4   0x00000004   Code   RO          809    .ARM.Collect$$_printf_percent$$00000017  c_w.l(_printf_percent_end.o)
    0x080001a8   0x00000002   Code   RO          851    .ARM.Collect$$libinit$$00000000  c_w.l(libinit.o)
    0x080001aa   0x00000000   Code   RO          858    .ARM.Collect$$libinit$$00000002  c_w.l(libinit2.o)
    0x080001aa   0x00000000   Code   RO          861    .ARM.Collect$$libinit$$00000008  c_w.l(libinit2.o)
    0x080001aa   0x00000000   Code   RO          863    .ARM.Collect$$libinit$$0000000A  c_w.l(libinit2.o)
    0x080001aa   0x00000000   Code   RO          865    .ARM.Collect$$libinit$$0000000C  c_w.l(libinit2.o)
    0x080001aa   0x00000000   Code   RO          868    .ARM.Collect$$libinit$$0000000F  c_w.l(libinit2.o)
    0x080001aa   0x00000000   Code   RO          870    .ARM.Collect$$libinit$$00000011  c_w.l(libinit2.o)
    0x080001aa   0x00000000   Code   RO          872    .ARM.Collect$$libinit$$00000013  c_w.l(libinit2.o)
    0x080001aa   0x00000000   Code   RO          874    .ARM.Collect$$libinit$$00000015  c_w.l(libinit2.o)
    0x080001aa   0x00000000   Code   RO          876    .ARM.Collect$$libinit$$00000017  c_w.l(libinit2.o)
    0x080001aa   0x00000000   Code   RO          878    .ARM.Collect$$libinit$$00000019  c_w.l(libinit2.o)
    0x080001aa   0x00000000   Code   RO          880    .ARM.Collect$$libinit$$0000001B  c_w.l(libinit2.o)
    0x080001aa   0x00000000   Code   RO          882    .ARM.Collect$$libinit$$0000001D  c_w.l(libinit2.o)
    0x080001aa   0x00000000   Code   RO          884    .ARM.Collect$$libinit$$0000001F  c_w.l(libinit2.o)
    0x080001aa   0x00000000   Code   RO          886    .ARM.Collect$$libinit$$00000021  c_w.l(libinit2.o)
    0x080001aa   0x00000000   Code   RO          888    .ARM.Collect$$libinit$$00000023  c_w.l(libinit2.o)
    0x080001aa   0x00000000   Code   RO          892    .ARM.Collect$$libinit$$0000002A  c_w.l(libinit2.o)
    0x080001aa   0x00000000   Code   RO          894    .ARM.Collect$$libinit$$0000002C  c_w.l(libinit2.o)
    0x080001aa   0x00000000   Code   RO          896    .ARM.Collect$$libinit$$0000002E  c_w.l(libinit2.o)
    0x080001aa   0x00000000   Code   RO          898    .ARM.Collect$$libinit$$00000030  c_w.l(libinit2.o)
    0x080001aa   0x00000002   Code   RO          899    .ARM.Collect$$libinit$$00000031  c_w.l(libinit2.o)
    0x080001ac   0x00000002   Code   RO          917    .ARM.Collect$$libshutdown$$00000000  c_w.l(libshutdown.o)
    0x080001ae   0x00000000   Code   RO          928    .ARM.Collect$$libshutdown$$00000003  c_w.l(libshutdown2.o)
    0x080001ae   0x00000000   Code   RO          931    .ARM.Collect$$libshutdown$$00000006  c_w.l(libshutdown2.o)
    0x080001ae   0x00000000   Code   RO          934    .ARM.Collect$$libshutdown$$00000009  c_w.l(libshutdown2.o)
    0x080001ae   0x00000000   Code   RO          936    .ARM.Collect$$libshutdown$$0000000B  c_w.l(libshutdown2.o)
    0x080001ae   0x00000000   Code   RO          939    .ARM.Collect$$libshutdown$$0000000E  c_w.l(libshutdown2.o)
    0x080001ae   0x00000002   Code   RO          940    .ARM.Collect$$libshutdown$$0000000F  c_w.l(libshutdown2.o)
    0x080001b0   0x00000000   Code   RO          804    .ARM.Collect$$rtentry$$00000000  c_w.l(rtentry.o)
    0x080001b0   0x00000000   Code   RO          820    .ARM.Collect$$rtentry$$00000002  c_w.l(rtentry2.o)
    0x080001b0   0x00000006   Code   RO          832    .ARM.Collect$$rtentry$$00000004  c_w.l(rtentry4.o)
    0x080001b6   0x00000000   Code   RO          822    .ARM.Collect$$rtentry$$00000009  c_w.l(rtentry2.o)
    0x080001b6   0x00000004   Code   RO          823    .ARM.Collect$$rtentry$$0000000A  c_w.l(rtentry2.o)
    0x080001ba   0x00000000   Code   RO          825    .ARM.Collect$$rtentry$$0000000C  c_w.l(rtentry2.o)
    0x080001ba   0x00000008   Code   RO          826    .ARM.Collect$$rtentry$$0000000D  c_w.l(rtentry2.o)
    0x080001c2   0x00000002   Code   RO          855    .ARM.Collect$$rtexit$$00000000  c_w.l(rtexit.o)
    0x080001c4   0x00000000   Code   RO          901    .ARM.Collect$$rtexit$$00000002  c_w.l(rtexit2.o)
    0x080001c4   0x00000004   Code   RO          902    .ARM.Collect$$rtexit$$00000003  c_w.l(rtexit2.o)
    0x080001c8   0x00000006   Code   RO          903    .ARM.Collect$$rtexit$$00000004  c_w.l(rtexit2.o)
    0x080001ce   0x00000002   PAD
    0x080001d0   0x00000040   Code   RO           20    .text               startup_stm32f10x_hd.o
    0x08000210   0x000002ac   Code   RO           24    .text               main.o
    0x080004bc   0x0000001a   Code   RO          168    .text               stm32f10x_it.o
    0x080004d6   0x00000002   PAD
    0x080004d8   0x000001e0   Code   RO          209    .text               system_stm32f10x.o
    0x080006b8   0x000000d4   Code   RO          227    .text               delay.o
    0x0800078c   0x0000003c   Code   RO          241    .text               sys.o
    0x080007c8   0x000002d8   Code   RO          253    .text               usart.o
    0x08000aa0   0x000000dc   Code   RO          276    .text               misc.o
    0x08000b7c   0x0000035c   Code   RO          420    .text               stm32f10x_gpio.o
    0x08000ed8   0x000003a4   Code   RO          468    .text               stm32f10x_rcc.o
    0x0800127c   0x00000e1a   Code   RO          518    .text               stm32f10x_tim.o
    0x08002096   0x00000002   PAD
    0x08002098   0x00000408   Code   RO          530    .text               stm32f10x_usart.o
    0x080024a0   0x00000054   Code   RO          554    .text               key.o
    0x080024f4   0x0000003c   Code   RO          566    .text               led.o
    0x08002530   0x000000c0   Code   RO          578    .text               pwm.o
    0x080025f0   0x000000e8   Code   RO          596    .text               direction.o
    0x080026d8   0x00000360   Code   RO          608    .text               speed.o
    0x08002a38   0x00000254   Code   RO          626    .text               pid.o
    0x08002c8c   0x00000340   Code   RO          644    .text               24l01.o
    0x08002fcc   0x00000128   Code   RO          663    .text               spi.o
    0x080030f4   0x00000002   Code   RO          707    .text               c_w.l(use_no_semi_2.o)
    0x080030f6   0x00000002   PAD
    0x080030f8   0x00000018   Code   RO          711    .text               c_w.l(noretval__2printf.o)
    0x08003110   0x00000068   Code   RO          713    .text               c_w.l(__printf.o)
    0x08003178   0x0000003e   Code   RO          758    .text               c_w.l(strlen.o)
    0x080031b6   0x00000006   Code   RO          760    .text               c_w.l(heapauxi.o)
    0x080031bc   0x00000002   Code   RO          802    .text               c_w.l(use_no_semi.o)
    0x080031be   0x00000002   PAD
    0x080031c0   0x00000024   Code   RO          807    .text               c_w.l(_printf_char_file.o)
    0x080031e4   0x00000030   Code   RO          834    .text               c_w.l(_printf_char_common.o)
    0x08003214   0x00000008   Code   RO          836    .text               c_w.l(ferror.o)
    0x0800321c   0x0000004a   Code   RO          840    .text               c_w.l(sys_stackheap_outer.o)
    0x08003266   0x0000000c   Code   RO          844    .text               c_w.l(exit.o)
    0x08003272   0x00000002   PAD
    0x08003274   0x00000008   Code   RO          852    .text               c_w.l(libspace.o)
    0x0800327c   0x00000150   Code   RO          764    x$fpl$dadd          fz_ws.l(daddsub_clz.o)
    0x080033cc   0x000002b0   Code   RO          771    x$fpl$ddiv          fz_ws.l(ddiv.o)
    0x0800367c   0x0000005e   Code   RO          774    x$fpl$dfix          fz_ws.l(dfix.o)
    0x080036da   0x00000002   PAD
    0x080036dc   0x0000005a   Code   RO          778    x$fpl$dfixu         fz_ws.l(dfixu.o)
    0x08003736   0x0000002e   Code   RO          783    x$fpl$dflt          fz_ws.l(dflt_clz.o)
    0x08003764   0x00000026   Code   RO          782    x$fpl$dfltu         fz_ws.l(dflt_clz.o)
    0x0800378a   0x00000002   PAD
    0x0800378c   0x00000154   Code   RO          788    x$fpl$dmul          fz_ws.l(dmul.o)
    0x080038e0   0x0000009c   Code   RO          810    x$fpl$dnaninf       fz_ws.l(dnaninf.o)
    0x0800397c   0x0000000c   Code   RO          812    x$fpl$dretinf       fz_ws.l(dretinf.o)
    0x08003988   0x000001d4   Code   RO          766    x$fpl$dsub          fz_ws.l(daddsub_clz.o)
    0x08003b5c   0x00000056   Code   RO          790    x$fpl$f2d           fz_ws.l(f2d.o)
    0x08003bb2   0x00000002   PAD
    0x08003bb4   0x00000184   Code   RO          793    x$fpl$fdiv          fz_ws.l(fdiv.o)
    0x08003d38   0x00000026   Code   RO          796    x$fpl$ffltu         fz_ws.l(fflt_clz.o)
    0x08003d5e   0x0000008c   Code   RO          814    x$fpl$fnaninf       fz_ws.l(fnaninf.o)
    0x08003dea   0x0000000a   Code   RO          816    x$fpl$fretinf       fz_ws.l(fretinf.o)
    0x08003df4   0x00000000   Code   RO          818    x$fpl$usenofp       fz_ws.l(usenofp.o)
    0x08003df4   0x0000000a   Data   RO          645    .constdata          24l01.o
    0x08003dfe   0x00000002   PAD
    0x08003e00   0x00000020   Data   RO          972    Region$$Table       anon$$obj.o


    Execution Region RW_IRAM1 (Base: 0x20000000, Size: 0x00000798, Max: 0x0000c000, ABSOLUTE)

    Base Addr    Size         Type   Attr      Idx    E Section Name        Object

    0x20000000   0x00000014   Data   RW          210    .data               system_stm32f10x.o
    0x20000014   0x00000004   Data   RW          228    .data               delay.o
    0x20000018   0x00000006   Data   RW          255    .data               usart.o
    0x2000001e   0x00000014   Data   RW          469    .data               stm32f10x_rcc.o
    0x20000032   0x00000004   Data   RW          579    .data               pwm.o
    0x20000036   0x0000000c   Data   RW          609    .data               speed.o
    0x20000042   0x00000002   PAD
    0x20000044   0x00000020   Data   RW          627    .data               pid.o
    0x20000064   0x00000006   Data   RW          646    .data               24l01.o
    0x2000006a   0x00000002   PAD
    0x2000006c   0x000000c8   Zero   RW          254    .bss                usart.o
    0x20000134   0x00000060   Zero   RW          853    .bss                c_w.l(libspace.o)
    0x20000194   0x00000004   PAD
    0x20000198   0x00000200   Zero   RW           18    HEAP                startup_stm32f10x_hd.o
    0x20000398   0x00000400   Zero   RW           17    STACK               startup_stm32f10x_hd.o


==============================================================================

Image component sizes


      Code (inc. data)   RO Data    RW Data    ZI Data      Debug   Object Name

       832         66         10          6          0       3588   24l01.o
         0          0          0          0          0       4304   core_cm3.o
       212         18          0          4          0        975   delay.o
       232         26          0          0          0        767   direction.o
        84         10          0          0          0        475   key.o
        60          8          0          0          0        463   led.o
       684         22          0          0          0     248843   main.o
       220         22          0          0          0       1753   misc.o
       596         70          0         32          0       1654   pid.o
       192         16          0          4          0        853   pwm.o
       864         44          0         12          0       1589   speed.o
       296         16          0          0          0        913   spi.o
        64         26        304          0       1536        776   startup_stm32f10x_hd.o
       860         38          0          0          0       5601   stm32f10x_gpio.o
        26          0          0          0          0       1166   stm32f10x_it.o
       932         36          0         20          0       8752   stm32f10x_rcc.o
      3610         88          0          0          0      22084   stm32f10x_tim.o
      1032         22          0          0          0       8324   stm32f10x_usart.o
        60         10          0          0          0        578   sys.o
       480         38          0         20          0       1671   system_stm32f10x.o
       728         74          0          6        200       3856   usart.o

    ----------------------------------------------------------------------
     12068        650        348        108       1736     318985   Object Totals
         0          0         32          0          0          0   (incl. Generated)
         4          0          2          4          0          0   (incl. Padding)

    ----------------------------------------------------------------------

      Code (inc. data)   RO Data    RW Data    ZI Data      Debug   Library Member Name

         8          0          0          0          0         68   __main.o
       104          0          0          0          0         84   __printf.o
        52          8          0          0          0          0   __scatter.o
        26          0          0          0          0          0   __scatter_copy.o
        28          0          0          0          0          0   __scatter_zi.o
        48          6          0          0          0         96   _printf_char_common.o
        36          4          0          0          0         80   _printf_char_file.o
         0          0          0          0          0          0   _printf_percent.o
         4          0          0          0          0          0   _printf_percent_end.o
        12          0          0          0          0         72   exit.o
         8          0          0          0          0         68   ferror.o
         6          0          0          0          0        152   heapauxi.o
         2          0          0          0          0          0   libinit.o
         2          0          0          0          0          0   libinit2.o
         2          0          0          0          0          0   libshutdown.o
         2          0          0          0          0          0   libshutdown2.o
         8          4          0          0         96         68   libspace.o
        24          4          0          0          0         84   noretval__2printf.o
         0          0          0          0          0          0   rtentry.o
        12          0          0          0          0          0   rtentry2.o
         6          0          0          0          0          0   rtentry4.o
         2          0          0          0          0          0   rtexit.o
        10          0          0          0          0          0   rtexit2.o
        62          0          0          0          0         76   strlen.o
        74          0          0          0          0         80   sys_stackheap_outer.o
         2          0          0          0          0         68   use_no_semi.o
         2          0          0          0          0         68   use_no_semi_2.o
       804         16          0          0          0        272   daddsub_clz.o
       688        140          0          0          0        208   ddiv.o
        94          4          0          0          0         92   dfix.o
        90          4          0          0          0         92   dfixu.o
        84          0          0          0          0        136   dflt_clz.o
       340         12          0          0          0        104   dmul.o
       156          4          0          0          0         92   dnaninf.o
        12          0          0          0          0         68   dretinf.o
        86          4          0          0          0         84   f2d.o
       388         76          0          0          0         96   fdiv.o
        38          0          0          0          0         68   fflt_clz.o
       140          4          0          0          0         84   fnaninf.o
        10          0          0          0          0         68   fretinf.o
         0          0          0          0          0          0   usenofp.o

    ----------------------------------------------------------------------
      3488        290          0          0        100       2528   Library Totals
        16          0          0          0          4          0   (incl. Padding)

    ----------------------------------------------------------------------

      Code (inc. data)   RO Data    RW Data    ZI Data      Debug   Library Name

       542         26          0          0         96       1064   c_w.l
      2930        264          0          0          0       1464   fz_ws.l

    ----------------------------------------------------------------------
      3488        290          0          0        100       2528   Library Totals

    ----------------------------------------------------------------------

==============================================================================


      Code (inc. data)   RO Data    RW Data    ZI Data      Debug   

     15556        940        348        108       1836     318909   Grand Totals
     15556        940        348        108       1836     318909   ELF Image Totals
     15556        940        348        108          0          0   ROM Totals

==============================================================================

    Total RO  Size (Code + RO Data)                15904 (  15.53kB)
    Total RW  Size (RW Data + ZI Data)              1944 (   1.90kB)
    Total ROM Size (Code + RO Data + RW Data)      16012 (  15.64kB)

==============================================================================

